02-07 10:05:44.724 D/OzonJobAccessibility( 6934): Search Field not found. Dumping hierarchy (State: FIND_SEARCH_FIELD):
02-07 10:05:44.724 D/OzonJobAccessibility( 6934):  Class: android.widget.FrameLayout, Text: 'null', Desc: 'null', ID: null, Clickable: false
02-07 10:05:44.725 D/OzonJobAccessibility( 6934):    Class: android.widget.LinearLayout, Text: 'null', Desc: 'null', ID: null, Clickable: false
02-07 10:05:44.725 D/OzonJobAccessibility( 6934):      Class: android.widget.FrameLayout, Text: 'null', Desc: 'null', ID: null, Clickable: false
02-07 10:05:44.725 D/OzonJobAccessibility( 6934):        Class: android.widget.LinearLayout, Text: 'null', Desc: 'null', ID: ru.ozon.hire:id/action_bar_root, Clickable: false
02-07 10:05:44.725 D/OzonJobAccessibility( 6934):          Class: android.widget.FrameLayout, Text: 'null', Desc: 'null', ID: android:id/content, Clickable: false
02-07 10:05:44.725 D/OzonJobAccessibility( 6934):            Class: androidx.compose.ui.platform.ComposeView, Text: 'null', Desc: 'null', ID: null, Clickable: false
02-07 10:05:44.725 D/OzonJobAccessibility( 6934):              Class: android.view.View, Text: 'null', Desc: 'null', ID: null, Clickable: false
02-07 10:05:44.725 D/OzonJobAccessibility( 6934):                Class: android.view.View, Text: 'null', Desc: 'null', ID: null, Clickable: false
02-07 10:05:44.726 D/OzonJobAccessibility( 6934):                  Class: android.view.View, Text: 'null', Desc: 'null', ID: null, Clickable: false
02-07 10:05:44.726 D/OzonJobAccessibility( 6934):                    Class: android.view.View, Text: 'null', Desc: 'null', ID: null, Clickable: false
02-07 10:05:44.726 D/OzonJobAccessibility( 6934):                    Class: android.widget.HorizontalScrollView, Text: 'null', Desc: 'null', ID: null, Clickable: false
02-07 10:05:44.726 D/OzonJobAccessibility( 6934):                      Class: android.view.View, Text: 'null', Desc: 'null', ID: null, Clickable: true
02-07 10:05:44.726 D/OzonJobAccessibility( 6934):                        Class: android.widget.TextView, Text: 'Есть автобусы', Desc: 'null', ID: null, Clickable: false
02-07 10:05:44.727 D/OzonJobAccessibility( 6934):                      Class: android.widget.TextView, Text: 'Тариф +50%', Desc: 'null', ID: null, Clickable: false
02-07 10:05:44.727 D/OzonJobAccessibility( 6934):                    Class: android.widget.TextView, Text: 'Жуковский', Desc: 'null', ID: HireText.Text, Clickable: false
02-07 10:05:44.727 D/OzonJobAccessibility( 6934):                    Class: android.widget.TextView, Text: '≈16 230 ₽ / 12 ч', Desc: 'null', ID: HireText.Text, Clickable: false
02-07 10:05:44.727 D/OzonJobAccessibility( 6934):                    Class: android.widget.TextView, Text: '≈1 352 ₽ / 1 ч', Desc: 'null', ID: HireText.Text, Clickable: false
02-07 10:05:44.727 D/OzonJobAccessibility( 6934):                    Class: android.widget.TextView, Text: 'КРУПНЫЙ СКЛАД', Desc: 'null', ID: null, Clickable: false
02-07 10:05:44.727 D/OzonJobAccessibility( 6934):                    Class: android.widget.TextView, Text: '4,1', Desc: 'null', ID: null, Clickable: false
02-07 10:05:44.728 D/OzonJobAccessibility( 6934):                    Class: android.widget.TextView, Text: '140182 Россия, Московская обл., г.о. Жуковский, г.Жуковский, р-н Замоскворечье, д.457, стр.5', Desc: 'null', ID: null, Clickable: false
02-07 10:05:44.728 D/OzonJobAccessibility( 6934):                    Class: android.view.View, Text: 'null', Desc: 'null', ID: null, Clickable: true
02-07 10:05:44.728 W/PlayGamesServices[DataBroker](23728): No player ID found when refreshing
02-07 10:05:44.728 D/OzonJobAccessibility( 6934):                      Class: android.widget.TextView, Text: 'Построить маршрут до склада', Desc: 'null', ID: null, Clickable: false
02-07 10:05:44.728 W/PlayGamesServices[DataBroker](23728): No player ID found when refreshing
02-07 10:05:44.728 D/OzonJobAccessibility( 6934):                      Class: android.widget.Button, Text: 'null', Desc: 'null', ID: null, Clickable: false
02-07 10:05:44.728 D/OzonJobAccessibility( 6934):                    Class: android.widget.TextView, Text: 'Даты:', Desc: 'null', ID: HireText.Text, Clickable: false
02-07 10:05:44.728 D/OzonJobAccessibility( 6934):                    Class: android.widget.TextView, Text: 'Сегодня', Desc: 'null', ID: null, Clickable: false
02-07 10:05:44.729 D/OzonJobAccessibility( 6934):                    Class: android.widget.TextView, Text: 'Завтра', Desc: 'null', ID: null, Clickable: false
02-07 10:05:44.729 D/OzonJobAccessibility( 6934):                    Class: android.widget.TextView, Text: '+6 дней', Desc: 'null', ID: null, Clickable: false
02-07 10:05:44.729 D/OzonJobAccessibility( 6934):                    Class: android.view.View, Text: 'null', Desc: 'null', ID: null, Clickable: true
02-07 10:05:44.729 D/OzonJobAccessibility( 6934):                      Class: android.widget.TextView, Text: 'Записаться', Desc: 'null', ID: null, Clickable: false
02-07 10:05:44.729 D/OzonJobAccessibility( 6934):                      Class: android.widget.Button, Text: 'null', Desc: 'null', ID: null, Clickable: false
02-07 10:05:44.729 D/OzonJobAccessibility( 6934):                    Class: android.view.View, Text: 'null', Desc: 'null', ID: null, Clickable: true
02-07 10:05:44.730 D/OzonJobAccessibility( 6934):                      Class: android.widget.TextView, Text: 'О складе', Desc: 'null', ID: null, Clickable: false
02-07 10:05:44.730 D/OzonJobAccessibility( 6934):                      Class: android.widget.Button, Text: 'null', Desc: 'null', ID: null, Clickable: false
02-07 10:05:44.730 D/OzonJobAccessibility( 6934):                    Class: android.widget.Button, Text: 'null', Desc: 'null', ID: WarehouseFavoriteSelectedButton, Clickable: true
02-07 10:05:44.730 D/OzonJobAccessibility( 6934):                    Class: android.view.View, Text: 'null', Desc: 'null', ID: null, Clickable: false
02-07 10:05:44.730 D/OzonJobAccessibility( 6934):                    Class: android.widget.HorizontalScrollView, Text: 'null', Desc: 'null', ID: null, Clickable: false
02-07 10:05:44.730 D/OzonJobAccessibility( 6934):                      Class: android.view.View, Text: 'null', Desc: 'null', ID: null, Clickable: true
02-07 10:05:44.731 D/OzonJobAccessibility( 6934):                        Class: android.widget.TextView, Text: 'Есть автобусы', Desc: 'null', ID: null, Clickable: false
02-07 10:05:44.731 W/PlayGamesServices[DataBroker](23728): No player ID found when refreshing
02-07 10:05:44.731 D/OzonJobAccessibility( 6934):                    Class: android.widget.TextView, Text: 'Казань', Desc: 'null', ID: HireText.Text, Clickable: false
02-07 10:05:44.731 W/PlayGamesServices[DataBroker](23728): No player ID found when refreshing
02-07 10:05:44.731 D/OzonJobAccessibility( 6934):                    Class: android.widget.TextView, Text: '≈14 121 ₽ / 12 ч', Desc: 'null', ID: HireText.Text, Clickable: false
02-07 10:05:44.731 W/PlayGamesServices[DataBroker](23728): No player ID found when refreshing
02-07 10:05:44.731 D/OzonJobAccessibility( 6934):                    Class: android.widget.TextView, Text: '≈1 176 ₽ / 1 ч', Desc: 'null', ID: HireText.Text, Clickable: false
02-07 10:05:44.731 W/PlayGamesServices[DataBroker](23728): No player ID found when refreshing
02-07 10:05:44.731 W/PlayGamesServices[DataBroker](23728): No player ID found when refreshing
02-07 10:05:44.732 W/PlayGamesServices[DataBroker](23728): No player ID found when refreshing
02-07 10:05:44.732 D/OzonJobAccessibility( 6934):                    Class: android.widget.TextView, Text: 'КРУПНЫЙ СКЛАД', Desc: 'null', ID: null, Clickable: false
02-07 10:05:44.732 D/OzonJobAccessibility( 6934):                    Class: android.widget.TextView, Text: '4,1', Desc: 'null', ID: null, Clickable: false
02-07 10:05:44.732 D/OzonJobAccessibility( 6934):                    Class: android.widget.TextView, Text: '422527, Республика Татарстан, Зеленодольский район, г. Зеленодольск, 19', Desc: 'null', ID: null, Clickable: false
02-07 10:05:44.732 D/OzonJobAccessibility( 6934):                    Class: android.view.View, Text: 'null', Desc: 'null', ID: null, Clickable: true
02-07 10:05:44.732 D/OzonJobAccessibility( 6934):                      Class: android.widget.TextView, Text: 'Построить маршрут до склада', Desc: 'null', ID: null, Clickable: false
02-07 10:05:44.732 D/OzonJobAccessibility( 6934):                      Class: android.widget.Button, Text: 'null', Desc: 'null', ID: null, Clickable: false
02-07 10:05:44.732 D/OzonJobAccessibility( 6934):                    Class: android.widget.TextView, Text: 'Даты:', Desc: 'null', ID: HireText.Text, Clickable: false
02-07 10:05:44.732 D/OzonJobAccessibility( 6934):                    Class: android.widget.TextView, Text: 'Сегодня', Desc: 'null', ID: null, Clickable: false
02-07 10:05:44.732 D/OzonJobAccessibility( 6934):                    Class: android.widget.TextView, Text: 'Завтра', Desc: 'null', ID: null, Clickable: false
02-07 10:05:44.732 D/OzonJobAccessibility( 6934):                    Class: android.view.View, Text: 'null', Desc: 'null', ID: null, Clickable: true
02-07 10:05:44.732 D/OzonJobAccessibility( 6934):                      Class: android.widget.Button, Text: 'null', Desc: 'null', ID: null, Clickable: false
02-07 10:05:44.732 D/OzonJobAccessibility( 6934):                    Class: android.view.View, Text: 'null', Desc: 'null', ID: null, Clickable: true
02-07 10:05:44.732 D/OzonJobAccessibility( 6934):                      Class: android.widget.Button, Text: 'null', Desc: 'null', ID: null, Clickable: false
02-07 10:05:44.732 D/OzonJobAccessibility( 6934):                    Class: android.widget.Button, Text: 'null', Desc: 'null', ID: WarehouseFavoriteSelectedButton, Clickable: true
02-07 10:05:44.732 D/OzonJobAccessibility( 6934):                  Class: android.widget.Button, Text: 'null', Desc: 'null', ID: null, Clickable: true
02-07 10:05:44.732 D/OzonJobAccessibility( 6934):                  Class: android.view.View, Text: 'null', Desc: 'null', ID: null, Clickable: true
02-07 10:05:44.732 D/OzonJobAccessibility( 6934):                    Class: android.widget.TextView, Text: 'Карта', Desc: 'null', ID: null, Clickable: false
02-07 10:05:44.732 D/OzonJobAccessibility( 6934):                    Class: android.widget.Button, Text: 'null', Desc: 'null', ID: null, Clickable: false
02-07 10:05:44.732 D/OzonJobAccessibility( 6934):                  Class: android.widget.Button, Text: 'null', Desc: 'null', ID: null, Clickable: true
02-07 10:05:44.732 D/OzonJobAccessibility( 6934):                  Class: android.view.View, Text: 'null', Desc: 'null', ID: null, Clickable: false
02-07 10:05:44.732 D/OzonJobAccessibility( 6934):                    Class: android.widget.TextView, Text: 'Выберите склад', Desc: 'null', ID: null, Clickable: false
02-07 10:05:44.732 D/OzonJobAccessibility( 6934):                    Class: android.widget.TextView, Text: '860 объектов', Desc: 'null', ID: null, Clickable: false
02-07 10:05:44.732 D/OzonJobAccessibility( 6934):                    Class: android.widget.Button, Text: 'null', Desc: 'null', ID: null, Clickable: true
02-07 10:05:44.732 D/OzonJobAccessibility( 6934):                    Class: android.widget.TextView, Text: '4', Desc: 'null', ID: null, Clickable: false
02-07 10:05:44.732 D/OzonJobAccessibility( 6934):                  Class: android.widget.HorizontalScrollView, Text: 'null', Desc: 'null', ID: null, Clickable: false
02-07 10:05:44.732 D/OzonJobAccessibility( 6934):                    Class: android.view.View, Text: 'null', Desc: 'null', ID: null, Clickable: true
02-07 10:05:44.732 D/OzonJobAccessibility( 6934):                      Class: android.widget.TextView, Text: 'Вид услуг', Desc: 'null', ID: null, Clickable: false
02-07 10:05:44.732 D/OzonJobAccessibility( 6934):                      Class: android.view.View, Text: 'null', Desc: 'null', ID: null, Clickable: false
02-07 10:05:44.732 D/OzonJobAccessibility( 6934):                    Class: android.view.View, Text: 'null', Desc: 'null', ID: null, Clickable: true
02-07 10:05:44.732 D/OzonJobAccessibility( 6934):                      Class: android.widget.TextView, Text: 'Тип склада', Desc: 'null', ID: null, Clickable: false
02-07 10:05:44.732 D/OzonJobAccessibility( 6934):                      Class: android.view.View, Text: 'null', Desc: 'null', ID: null, Clickable: false
02-07 10:05:44.732 D/OzonJobAccessibility( 6934):                    Class: android.view.View, Text: 'null', Desc: 'null', ID: null, Clickable: true
02-07 10:05:44.732 D/OzonJobAccessibility( 6934):                      Class: android.widget.TextView, Text: 'Есть автобус', Desc: 'null', ID: null, Clickable: false
02-07 10:05:44.732 D/OzonJobAccessibility( 6934):                      Class: android.view.View, Text: 'null', Desc: 'null', ID: null, Clickable: false
02-07 10:05:44.732 D/OzonJobAccessibility( 6934):                    Class: android.view.View, Text: 'null', Desc: 'null', ID: null, Clickable: true
02-07 10:05:44.732 D/OzonJobAccessibility( 6934):                      Class: android.widget.TextView, Text: 'Высокий тариф', Desc: 'null', ID: null, Clickable: false
02-07 10:05:44.732 D/OzonJobAccessibility( 6934):                      Class: android.view.View, Text: 'null', Desc: 'null', ID: null, Clickable: false
02-07 10:05:44.732 D/OzonJobAccessibility( 6934):                    Class: android.view.View, Text: 'null', Desc: 'null', ID: null, Clickable: true
02-07 10:05:44.732 D/OzonJobAccessibility( 6934):                      Class: android.view.View, Text: 'null', Desc: 'null', ID: null, Clickable: false
02-07 10:05:44.732 D/OzonJobAccessibility( 6934):                  Class: android.view.View, Text: 'null', Desc: 'null', ID: null, Clickable: false
02-07 10:05:44.733 D/OzonJobAccessibility( 6934):                    Class: android.view.View, Text: 'null', Desc: 'null', ID: null, Clickable: false
02-07 10:05:44.733 D/OzonJobAccessibility( 6934):                      Class: android.view.View, Text: 'null', Desc: 'null', ID: ru.ozon.hire:id/calendarTab, Clickable: true
02-07 10:05:44.733 D/OzonJobAccessibility( 6934):                        Class: android.widget.TextView, Text: 'Записи', Desc: 'calendarTab', ID: ru.ozon.hire:id/calendarTabText, Clickable: false
02-07 10:05:44.733 D/OzonJobAccessibility( 6934):                        Class: android.view.View, Text: 'null', Desc: 'null', ID: ru.ozon.hire:id/calendarTabIcon, Clickable: false
02-07 10:05:44.733 D/OzonJobAccessibility( 6934):                        Class: android.view.View, Text: 'null', Desc: 'null', ID: null, Clickable: false
02-07 10:05:44.733 D/OzonJobAccessibility( 6934):                      Class: android.view.View, Text: 'null', Desc: 'null', ID: ru.ozon.hire:id/walletTab, Clickable: true
02-07 10:05:44.733 D/OzonJobAccessibility( 6934):                        Class: android.widget.TextView, Text: 'Выплаты', Desc: 'walletTab', ID: ru.ozon.hire:id/walletTabText, Clickable: false
02-07 10:05:44.733 D/OzonJobAccessibility( 6934):                        Class: android.view.View, Text: 'null', Desc: 'null', ID: ru.ozon.hire:id/walletTabIcon, Clickable: false
02-07 10:05:44.733 D/OzonJobAccessibility( 6934):                        Class: android.view.View, Text: 'null', Desc: 'null', ID: null, Clickable: false
02-07 10:05:44.733 D/OzonJobAccessibility( 6934):                      Class: android.view.View, Text: 'null', Desc: 'null', ID: ru.ozon.hire:id/warehouseTab, Clickable: false
02-07 10:05:44.733 D/OzonJobAccessibility( 6934):                        Class: android.widget.TextView, Text: 'Склады', Desc: 'warehouseTab', ID: ru.ozon.hire:id/warehouseTabText, Clickable: false
02-07 10:05:44.733 D/OzonJobAccessibility( 6934):                        Class: android.view.View, Text: 'null', Desc: 'null', ID: ru.ozon.hire:id/warehouseTabIcon, Clickable: false
02-07 10:05:44.733 D/OzonJobAccessibility( 6934):                        Class: android.view.View, Text: 'null', Desc: 'null', ID: null, Clickable: false
02-07 10:05:44.733 D/OzonJobAccessibility( 6934):                      Class: android.view.View, Text: 'null', Desc: 'null', ID: ru.ozon.hire:id/tripsTab, Clickable: true
02-07 10:05:44.733 D/OzonJobAccessibility( 6934):                        Class: android.widget.TextView, Text: 'Поездки', Desc: 'tripsTab', ID: ru.ozon.hire:id/tripsTabText, Clickable: false
02-07 10:05:44.733 D/OzonJobAccessibility( 6934):                        Class: android.view.View, Text: 'null', Desc: 'null', ID: ru.ozon.hire:id/tripsTabIcon, Clickable: false
02-07 10:05:44.733 D/OzonJobAccessibility( 6934):                        Class: android.view.View, Text: 'null', Desc: 'null', ID: null, Clickable: false
02-07 10:05:44.733 D/OzonJobAccessibility( 6934):                      Class: android.view.View, Text: 'null', Desc: 'null', ID: ru.ozon.hire:id/coursesTab, Clickable: true
02-07 10:05:44.733 D/OzonJobAccessibility( 6934):                        Class: android.widget.TextView, Text: 'Курсы', Desc: 'coursesTab', ID: ru.ozon.hire:id/coursesTabText, Clickable: false
02-07 10:05:44.733 D/OzonJobAccessibility( 6934):                        Class: android.view.View, Text: 'null', Desc: 'null', ID: ru.ozon.hire:id/coursesTabIcon, Clickable: false
02-07 10:05:44.733 D/OzonJobAccessibility( 6934):                        Class: android.view.View, Text: 'null', Desc: 'null', ID: null, Clickable: false
02-07 10:05:44.733 D/OzonJobAccessibility( 6934):    Class: android.view.View, Text: 'null', Desc: 'null', ID: android:id/navigationBarBackground, Clickable: false
02-07 10:05:44.734 W/PlayGamesServices[UiUtils](23728): AppVersion: Cannot find the installed destination app.
02-07 10:05:44.734 D/Aurogon ( 1877):  packageName = com.google.android.gms isAllowWakeUpList 
02-07 10:05:44.735 I/NetworkScheduler.Stats(23811): (REDACTED) Task %s/%s finished executing. cause:%s result: %s elapsed_millis: %s uptime_millis: %s exec_start_elapsed_seconds: %s
02-07 10:05:44.735 W/PlayGamesServices[UiUtils](23728): AppVersionName: Cannot find the installed destination app.
02-07 10:05:44.739 I/hwcomposer( 1007): [HWC] (0)fire a callback of refresh to SF[4]  
02-07 10:05:44.741 D/Aurogon ( 1877):  packageName = com.google.android.gms isAllowWakeUpList 
02-07 10:05:44.749 D/Aurogon ( 1877):  packageName = com.google.android.gms isAllowWakeUpList 
02-07 10:05:44.753 I/BufferQueueProducer( 1114): [FramebufferSurface](this:0xb400007a05bd58e0,id:-1,api:1,p:1114,c:1114) queueBuffer: fps=0.40 dur=2499.84 max=2499.84 min=2499.84
02-07 10:05:44.757 I/NetworkScheduler.Stats(23811): (REDACTED) Task %s/%s started execution. cause:%s exec_start_elapsed_seconds: %s
02-07 10:05:44.760 I/PlayGamesServices[GamesSyncAdapter](23728): Starting sync for 2ed8b87a
02-07 10:05:44.762 I/PlayGamesServices[GamesSyncAdapter](23728): Sync duration for 2ed8b87a: 2
02-07 10:05:44.767 W/PlayGamesServices[DataBroker](23728): No player ID found when refreshing
02-07 10:05:44.767 W/PlayGamesServices[DataBroker](23728): No player ID found when refreshing
02-07 10:05:44.769 W/PlayGamesServices[DataBroker](23728): No player ID found when refreshing
02-07 10:05:44.770 W/PlayGamesServices[DataBroker](23728): No player ID found when refreshing
02-07 10:05:44.770 W/PlayGamesServices[DataBroker](23728): No player ID found when refreshing
02-07 10:05:44.770 W/PlayGamesServices[DataBroker](23728): No player ID found when refreshing
02-07 10:05:44.770 W/PlayGamesServices[DataBroker](23728): No player ID found when refreshing
02-07 10:05:44.770 W/PlayGamesServices[DataBroker](23728): No player ID found when refreshing
02-07 10:05:44.772 D/Aurogon ( 1877):  packageName = com.google.android.gms isAllowWakeUpList 
02-07 10:05:44.772 W/PlayGamesServices[UiUtils](23728): AppVersion: Cannot find the installed destination app.
02-07 10:05:44.772 I/NetworkScheduler.Stats(23811): (REDACTED) Task %s/%s finished executing. cause:%s result: %s elapsed_millis: %s uptime_millis: %s exec_start_elapsed_seconds: %s
02-07 10:05:44.772 W/PlayGamesServices[UiUtils](23728): AppVersionName: Cannot find the installed destination app.
02-07 10:05:44.777 D/Aurogon ( 1877):  packageName = com.google.android.gms isAllowWakeUpList 
02-07 10:05:44.790 V/OzonJobAccessibility( 6934): onAccessibilityEvent: type=2048, package=com.android.systemui, isCheckRequested=true
02-07 10:05:44.791 D/OzonJobAccessibility( 6934): Event from: com.android.systemui, Root Pkg: ru.ozon.hire, Class: android.widget.FrameLayout
02-07 10:05:44.799 D/Aurogon ( 1877):  packageName = com.google.android.gms isAllowWakeUpList 
02-07 10:05:44.802 D/OzonJobAccessibility( 6934): Search Field not found. Dumping hierarchy (State: FIND_SEARCH_FIELD):
02-07 10:05:44.802 D/OzonJobAccessibility( 6934):  Class: android.widget.FrameLayout, Text: 'null', Desc: 'null', ID: null, Clickable: false
02-07 10:05:44.802 D/OzonJobAccessibility( 6934):    Class: android.widget.LinearLayout, Text: 'null', Desc: 'null', ID: null, Clickable: false
02-07 10:05:44.803 D/OzonJobAccessibility( 6934):      Class: android.widget.FrameLayout, Text: 'null', Desc: 'null', ID: null, Clickable: false
02-07 10:05:44.803 D/OzonJobAccessibility( 6934):        Class: android.widget.LinearLayout, Text: 'null', Desc: 'null', ID: ru.ozon.hire:id/action_bar_root, Clickable: false
02-07 10:05:44.803 D/OzonJobAccessibility( 6934):          Class: android.widget.FrameLayout, Text: 'null', Desc: 'null', ID: android:id/content, Clickable: false
02-07 10:05:44.803 D/OzonJobAccessibility( 6934):            Class: androidx.compose.ui.platform.ComposeView, Text: 'null', Desc: 'null', ID: null, Clickable: false
02-07 10:05:44.803 D/OzonJobAccessibility( 6934):              Class: android.view.View, Text: 'null', Desc: 'null', ID: null, Clickable: false
02-07 10:05:44.803 D/OzonJobAccessibility( 6934):                Class: android.view.View, Text: 'null', Desc: 'null', ID: null, Clickable: false
02-07 10:05:44.804 D/OzonJobAccessibility( 6934):                  Class: android.view.View, Text: 'null', Desc: 'null', ID: null, Clickable: false
02-07 10:05:44.804 D/OzonJobAccessibility( 6934):                    Class: android.view.View, Text: 'null', Desc: 'null', ID: null, Clickable: false
02-07 10:05:44.804 D/OzonJobAccessibility( 6934):                    Class: android.widget.HorizontalScrollView, Text: 'null', Desc: 'null', ID: null, Clickable: false
02-07 10:05:44.804 D/OzonJobAccessibility( 6934):                      Class: android.view.View, Text: 'null', Desc: 'null', ID: null, Clickable: true
02-07 10:05:44.804 D/OzonJobAccessibility( 6934):                        Class: android.widget.TextView, Text: 'Есть автобусы', Desc: 'null', ID: null, Clickable: false
02-07 10:05:44.805 D/OzonJobAccessibility( 6934):                      Class: android.widget.TextView, Text: 'Тариф +50%', Desc: 'null', ID: null, Clickable: false
02-07 10:05:44.806 D/OzonJobAccessibility( 6934):                    Class: android.widget.TextView, Text: 'Жуковский', Desc: 'null', ID: HireText.Text, Clickable: false
02-07 10:05:44.806 D/OzonJobAccessibility( 6934):                    Class: android.widget.TextView, Text: '≈16 230 ₽ / 12 ч', Desc: 'null', ID: HireText.Text, Clickable: false
02-07 10:05:44.806 D/OzonJobAccessibility( 6934):                    Class: android.widget.TextView, Text: '≈1 352 ₽ / 1 ч', Desc: 'null', ID: HireText.Text, Clickable: false
02-07 10:05:44.806 D/OzonJobAccessibility( 6934):                    Class: android.widget.TextView, Text: 'КРУПНЫЙ СКЛАД', Desc: 'null', ID: null, Clickable: false
02-07 10:05:44.806 D/OzonJobAccessibility( 6934):                    Class: android.widget.TextView, Text: '4,1', Desc: 'null', ID: null, Clickable: false
02-07 10:05:44.806 D/OzonJobAccessibility( 6934):                    Class: android.widget.TextView, Text: '140182 Россия, Московская обл., г.о. Жуковский, г.Жуковский, р-н Замоскворечье, д.457, стр.5', Desc: 'null', ID: null, Clickable: false
02-07 10:05:44.806 D/OzonJobAccessibility( 6934):                    Class: android.view.View, Text: 'null', Desc: 'null', ID: null, Clickable: true
02-07 10:05:44.806 D/OzonJobAccessibility( 6934):                      Class: android.widget.TextView, Text: 'Построить маршрут до склада', Desc: 'null', ID: null, Clickable: false
02-07 10:05:44.806 D/OzonJobAccessibility( 6934):                      Class: android.widget.Button, Text: 'null', Desc: 'null', ID: null, Clickable: false
02-07 10:05:44.806 D/OzonJobAccessibility( 6934):                    Class: android.widget.TextView, Text: 'Даты:', Desc: 'null', ID: HireText.Text, Clickable: false
02-07 10:05:44.806 D/OzonJobAccessibility( 6934):                    Class: android.widget.TextView, Text: 'Сегодня', Desc: 'null', ID: null, Clickable: false
02-07 10:05:44.806 D/OzonJobAccessibility( 6934):                    Class: android.widget.TextView, Text: 'Завтра', Desc: 'null', ID: null, Clickable: false
02-07 10:05:44.806 D/OzonJobAccessibility( 6934):                    Class: android.widget.TextView, Text: '+6 дней', Desc: 'null', ID: null, Clickable: false
02-07 10:05:44.806 D/OzonJobAccessibility( 6934):                    Class: android.view.View, Text: 'null', Desc: 'null', ID: null, Clickable: true
02-07 10:05:44.806 D/OzonJobAccessibility( 6934):                      Class: android.widget.TextView, Text: 'Записаться', Desc: 'null', ID: null, Clickable: false
02-07 10:05:44.806 D/OzonJobAccessibility( 6934):                      Class: android.widget.Button, Text: 'null', Desc: 'null', ID: null, Clickable: false
02-07 10:05:44.806 D/OzonJobAccessibility( 6934):                    Class: android.view.View, Text: 'null', Desc: 'null', ID: null, Clickable: true
02-07 10:05:44.806 D/OzonJobAccessibility( 6934):                      Class: android.widget.TextView, Text: 'О складе', Desc: 'null', ID: null, Clickable: false
02-07 10:05:44.806 D/OzonJobAccessibility( 6934):                      Class: android.widget.Button, Text: 'null', Desc: 'null', ID: null, Clickable: false
02-07 10:05:44.806 D/OzonJobAccessibility( 6934):                    Class: android.widget.Button, Text: 'null', Desc: 'null', ID: WarehouseFavoriteSelectedButton, Clickable: true
02-07 10:05:44.806 D/OzonJobAccessibility( 6934):                    Class: android.view.View, Text: 'null', Desc: 'null', ID: null, Clickable: false
02-07 10:05:44.806 D/OzonJobAccessibility( 6934):                    Class: android.widget.HorizontalScrollView, Text: 'null', Desc: 'null', ID: null, Clickable: false
02-07 10:05:44.807 D/OzonJobAccessibility( 6934):                      Class: android.view.View, Text: 'null', Desc: 'null', ID: null, Clickable: true
02-07 10:05:44.807 D/OzonJobAccessibility( 6934):                        Class: android.widget.TextView, Text: 'Есть автобусы', Desc: 'null', ID: null, Clickable: false
02-07 10:05:44.807 D/OzonJobAccessibility( 6934):                    Class: android.widget.TextView, Text: 'Казань', Desc: 'null', ID: HireText.Text, Clickable: false
02-07 10:05:44.807 D/OzonJobAccessibility( 6934):                    Class: android.widget.TextView, Text: '≈14 121 ₽ / 12 ч', Desc: 'null', ID: HireText.Text, Clickable: false
02-07 10:05:44.807 D/OzonJobAccessibility( 6934):                    Class: android.widget.TextView, Text: '≈1 176 ₽ / 1 ч', Desc: 'null', ID: HireText.Text, Clickable: false
02-07 10:05:44.807 D/OzonJobAccessibility( 6934):                    Class: android.widget.TextView, Text: 'КРУПНЫЙ СКЛАД', Desc: 'null', ID: null, Clickable: false
02-07 10:05:44.807 D/OzonJobAccessibility( 6934):                    Class: android.widget.TextView, Text: '4,1', Desc: 'null', ID: null, Clickable: false
02-07 10:05:44.807 D/OzonJobAccessibility( 6934):                    Class: android.widget.TextView, Text: '422527, Республика Татарстан, Зеленодольский район, г. Зеленодольск, 19', Desc: 'null', ID: null, Clickable: false
02-07 10:05:44.807 D/OzonJobAccessibility( 6934):                    Class: android.view.View, Text: 'null', Desc: 'null', ID: null, Clickable: true
02-07 10:05:44.807 D/OzonJobAccessibility( 6934):                      Class: android.widget.TextView, Text: 'Построить маршрут до склада', Desc: 'null', ID: null, Clickable: false
02-07 10:05:44.807 D/OzonJobAccessibility( 6934):                      Class: android.widget.Button, Text: 'null', Desc: 'null', ID: null, Clickable: false
02-07 10:05:44.807 D/OzonJobAccessibility( 6934):                    Class: android.widget.TextView, Text: 'Даты:', Desc: 'null', ID: HireText.Text, Clickable: false
02-07 10:05:44.807 D/OzonJobAccessibility( 6934):                    Class: android.widget.TextView, Text: 'Сегодня', Desc: 'null', ID: null, Clickable: false
02-07 10:05:44.807 D/OzonJobAccessibility( 6934):                    Class: android.widget.TextView, Text: 'Завтра', Desc: 'null', ID: null, Clickable: false
02-07 10:05:44.807 D/OzonJobAccessibility( 6934):                    Class: android.view.View, Text: 'null', Desc: 'null', ID: null, Clickable: true
02-07 10:05:44.807 D/OzonJobAccessibility( 6934):                      Class: android.widget.Button, Text: 'null', Desc: 'null', ID: null, Clickable: false
02-07 10:05:44.807 D/OzonJobAccessibility( 6934):                    Class: android.view.View, Text: 'null', Desc: 'null', ID: null, Clickable: true
02-07 10:05:44.807 D/OzonJobAccessibility( 6934):                      Class: android.widget.Button, Text: 'null', Desc: 'null', ID: null, Clickable: false
02-07 10:05:44.807 D/OzonJobAccessibility( 6934):                    Class: android.widget.Button, Text: 'null', Desc: 'null', ID: WarehouseFavoriteSelectedButton, Clickable: true
02-07 10:05:44.807 D/OzonJobAccessibility( 6934):                  Class: android.widget.Button, Text: 'null', Desc: 'null', ID: null, Clickable: true
02-07 10:05:44.807 D/OzonJobAccessibility( 6934):                  Class: android.view.View, Text: 'null', Desc: 'null', ID: null, Clickable: true
02-07 10:05:44.807 D/OzonJobAccessibility( 6934):                    Class: android.widget.TextView, Text: 'Карта', Desc: 'null', ID: null, Clickable: false
02-07 10:05:44.807 D/OzonJobAccessibility( 6934):                    Class: android.widget.Button, Text: 'null', Desc: 'null', ID: null, Clickable: false
02-07 10:05:44.807 D/OzonJobAccessibility( 6934):                  Class: android.widget.Button, Text: 'null', Desc: 'null', ID: null, Clickable: true
02-07 10:05:44.807 D/OzonJobAccessibility( 6934):                  Class: android.view.View, Text: 'null', Desc: 'null', ID: null, Clickable: false
02-07 10:05:44.807 D/OzonJobAccessibility( 6934):                    Class: android.widget.TextView, Text: 'Выберите склад', Desc: 'null', ID: null, Clickable: false
02-07 10:05:44.807 D/OzonJobAccessibility( 6934):                    Class: android.widget.TextView, Text: '860 объектов', Desc: 'null', ID: null, Clickable: false
02-07 10:05:44.807 D/OzonJobAccessibility( 6934):                    Class: android.widget.Button, Text: 'null', Desc: 'null', ID: null, Clickable: true
02-07 10:05:44.807 D/OzonJobAccessibility( 6934):                    Class: android.widget.TextView, Text: '4', Desc: 'null', ID: null, Clickable: false
02-07 10:05:44.807 D/OzonJobAccessibility( 6934):                  Class: android.widget.HorizontalScrollView, Text: 'null', Desc: 'null', ID: null, Clickable: false
02-07 10:05:44.807 D/OzonJobAccessibility( 6934):                    Class: android.view.View, Text: 'null', Desc: 'null', ID: null, Clickable: true
02-07 10:05:44.807 D/OzonJobAccessibility( 6934):                      Class: android.widget.TextView, Text: 'Вид услуг', Desc: 'null', ID: null, Clickable: false
02-07 10:05:44.807 D/OzonJobAccessibility( 6934):                      Class: android.view.View, Text: 'null', Desc: 'null', ID: null, Clickable: false
02-07 10:05:44.807 D/OzonJobAccessibility( 6934):                    Class: android.view.View, Text: 'null', Desc: 'null', ID: null, Clickable: true
02-07 10:05:44.807 D/OzonJobAccessibility( 6934):                      Class: android.widget.TextView, Text: 'Тип склада', Desc: 'null', ID: null, Clickable: false
02-07 10:05:44.807 D/OzonJobAccessibility( 6934):                      Class: android.view.View, Text: 'null', Desc: 'null', ID: null, Clickable: false
02-07 10:05:44.807 D/OzonJobAccessibility( 6934):                    Class: android.view.View, Text: 'null', Desc: 'null', ID: null, Clickable: true
02-07 10:05:44.807 D/OzonJobAccessibility( 6934):                      Class: android.widget.TextView, Text: 'Есть автобус', Desc: 'null', ID: null, Clickable: false
02-07 10:05:44.807 D/OzonJobAccessibility( 6934):                      Class: android.view.View, Text: 'null', Desc: 'null', ID: null, Clickable: false
02-07 10:05:44.807 D/OzonJobAccessibility( 6934):                    Class: android.view.View, Text: 'null', Desc: 'null', ID: null, Clickable: true
02-07 10:05:44.807 D/OzonJobAccessibility( 6934):                      Class: android.widget.TextView, Text: 'Высокий тариф', Desc: 'null', ID: null, Clickable: false
02-07 10:05:44.807 D/OzonJobAccessibility( 6934):                      Class: android.view.View, Text: 'null', Desc: 'null', ID: null, Clickable: false
02-07 10:05:44.807 D/OzonJobAccessibility( 6934):                    Class: android.view.View, Text: 'null', Desc: 'null', ID: null, Clickable: true
02-07 10:05:44.807 D/OzonJobAccessibility( 6934):                      Class: android.view.View, Text: 'null', Desc: 'null', ID: null, Clickable: false
02-07 10:05:44.808 D/OzonJobAccessibility( 6934):                  Class: android.view.View, Text: 'null', Desc: 'null', ID: null, Clickable: false
02-07 10:05:44.808 D/OzonJobAccessibility( 6934):                    Class: android.view.View, Text: 'null', Desc: 'null', ID: null, Clickable: false
02-07 10:05:44.808 D/OzonJobAccessibility( 6934):                      Class: android.view.View, Text: 'null', Desc: 'null', ID: ru.ozon.hire:id/calendarTab, Clickable: true
02-07 10:05:44.808 D/OzonJobAccessibility( 6934):                        Class: android.widget.TextView, Text: 'Записи', Desc: 'calendarTab', ID: ru.ozon.hire:id/calendarTabText, Clickable: false
02-07 10:05:44.808 D/OzonJobAccessibility( 6934):                        Class: android.view.View, Text: 'null', Desc: 'null', ID: ru.ozon.hire:id/calendarTabIcon, Clickable: false
02-07 10:05:44.808 D/OzonJobAccessibility( 6934):                        Class: android.view.View, Text: 'null', Desc: 'null', ID: null, Clickable: false
02-07 10:05:44.808 D/OzonJobAccessibility( 6934):                      Class: android.view.View, Text: 'null', Desc: 'null', ID: ru.ozon.hire:id/walletTab, Clickable: true
02-07 10:05:44.808 D/OzonJobAccessibility( 6934):                        Class: android.widget.TextView, Text: 'Выплаты', Desc: 'walletTab', ID: ru.ozon.hire:id/walletTabText, Clickable: false
02-07 10:05:44.808 D/OzonJobAccessibility( 6934):                        Class: android.view.View, Text: 'null', Desc: 'null', ID: ru.ozon.hire:id/walletTabIcon, Clickable: false
02-07 10:05:44.808 D/OzonJobAccessibility( 6934):                        Class: android.view.View, Text: 'null', Desc: 'null', ID: null, Clickable: false
02-07 10:05:44.808 D/OzonJobAccessibility( 6934):                      Class: android.view.View, Text: 'null', Desc: 'null', ID: ru.ozon.hire:id/warehouseTab, Clickable: false
02-07 10:05:44.808 D/OzonJobAccessibility( 6934):                        Class: android.widget.TextView, Text: 'Склады', Desc: 'warehouseTab', ID: ru.ozon.hire:id/warehouseTabText, Clickable: false
02-07 10:05:44.808 D/OzonJobAccessibility( 6934):                        Class: android.view.View, Text: 'null', Desc: 'null', ID: ru.ozon.hire:id/warehouseTabIcon, Clickable: false
02-07 10:05:44.808 D/OzonJobAccessibility( 6934):                        Class: android.view.View, Text: 'null', Desc: 'null', ID: null, Clickable: false
02-07 10:05:44.808 D/OzonJobAccessibility( 6934):                      Class: android.view.View, Text: 'null', Desc: 'null', ID: ru.ozon.hire:id/tripsTab, Clickable: true
02-07 10:05:44.808 D/OzonJobAccessibility( 6934):                        Class: android.widget.TextView, Text: 'Поездки', Desc: 'tripsTab', ID: ru.ozon.hire:id/tripsTabText, Clickable: false
02-07 10:05:44.808 D/OzonJobAccessibility( 6934):                        Class: android.view.View, Text: 'null', Desc: 'null', ID: ru.ozon.hire:id/tripsTabIcon, Clickable: false
02-07 10:05:44.808 D/OzonJobAccessibility( 6934):                        Class: android.view.View, Text: 'null', Desc: 'null', ID: null, Clickable: false
02-07 10:05:44.808 D/OzonJobAccessibility( 6934):                      Class: android.view.View, Text: 'null', Desc: 'null', ID: ru.ozon.hire:id/coursesTab, Clickable: true
02-07 10:05:44.808 D/OzonJobAccessibility( 6934):                        Class: android.widget.TextView, Text: 'Курсы', Desc: 'coursesTab', ID: ru.ozon.hire:id/coursesTabText, Clickable: false
02-07 10:05:44.808 D/OzonJobAccessibility( 6934):                        Class: android.view.View, Text: 'null', Desc: 'null', ID: ru.ozon.hire:id/coursesTabIcon, Clickable: false
02-07 10:05:44.808 D/OzonJobAccessibility( 6934):                        Class: android.view.View, Text: 'null', Desc: 'null', ID: null, Clickable: false
02-07 10:05:44.808 D/OzonJobAccessibility( 6934):    Class: android.view.View, Text: 'null', Desc: 'null', ID: android:id/navigationBarBackground, Clickable: false
02-07 10:05:44.808 I/NetworkScheduler.Stats(23811): (REDACTED) Task %s/%s started execution. cause:%s exec_start_elapsed_seconds: %s
02-07 10:05:44.809 I/PlayGamesServices[GamesSyncAdapter](23728): Starting sync for d1c078b1
02-07 10:05:44.811 I/PlayGamesServices[GamesSyncAdapter](23728): Sync duration for d1c078b1: 1
02-07 10:05:44.816 W/PlayGamesServices[DataBroker](23728): No player ID found when refreshing
02-07 10:05:44.816 W/PlayGamesServices[DataBroker](23728): No player ID found when refreshing
02-07 10:05:44.818 W/PlayGamesServices[DataBroker](23728): No player ID found when refreshing
02-07 10:05:44.818 W/PlayGamesServices[DataBroker](23728): No player ID found when refreshing
02-07 10:05:44.818 W/PlayGamesServices[DataBroker](23728): No player ID found when refreshing
02-07 10:05:44.818 W/PlayGamesServices[DataBroker](23728): No player ID found when refreshing
02-07 10:05:44.818 W/PlayGamesServices[DataBroker](23728): No player ID found when refreshing
02-07 10:05:44.818 W/PlayGamesServices[DataBroker](23728): No player ID found when refreshing
02-07 10:05:44.820 W/PlayGamesServices[UiUtils](23728): AppVersion: Cannot find the installed destination app.
02-07 10:05:44.821 W/PlayGamesServices[UiUtils](23728): AppVersionName: Cannot find the installed destination app.
02-07 10:05:44.822 D/Aurogon ( 1877):  packageName = com.google.android.gms isAllowWakeUpList 
02-07 10:05:44.824 I/NetworkScheduler.Stats(23811): (REDACTED) Task %s/%s finished executing. cause:%s result: %s elapsed_millis: %s uptime_millis: %s exec_start_elapsed_seconds: %s
02-07 10:05:44.834 D/Aurogon ( 1877):  packageName = com.google.android.gms isAllowWakeUpList 
02-07 10:05:44.845 D/Aurogon ( 1877):  packageName = com.google.android.gms isAllowWakeUpList 
02-07 10:05:44.852 I/NetworkScheduler.Stats(23811): (REDACTED) Task %s/%s started execution. cause:%s exec_start_elapsed_seconds: %s
02-07 10:05:44.853 I/PlayGamesServices[GamesSyncAdapter](23728): Starting sync for 99e294ee
02-07 10:05:44.856 I/PlayGamesServices[GamesSyncAdapter](23728): Sync duration for 99e294ee: 2
02-07 10:05:44.860 W/PlayGamesServices[DataBroker](23728): No player ID found when refreshing
02-07 10:05:44.860 W/PlayGamesServices[DataBroker](23728): No player ID found when refreshing
02-07 10:05:44.862 W/PlayGamesServices[DataBroker](23728): No player ID found when refreshing
02-07 10:05:44.862 W/PlayGamesServices[DataBroker](23728): No player ID found when refreshing
02-07 10:05:44.862 W/PlayGamesServices[DataBroker](23728): No player ID found when refreshing
02-07 10:05:44.862 W/PlayGamesServices[DataBroker](23728): No player ID found when refreshing
02-07 10:05:44.862 W/PlayGamesServices[DataBroker](23728): No player ID found when refreshing
02-07 10:05:44.862 W/PlayGamesServices[DataBroker](23728): No player ID found when refreshing
02-07 10:05:44.864 W/PlayGamesServices[UiUtils](23728): AppVersion: Cannot find the installed destination app.
02-07 10:05:44.864 W/PlayGamesServices[UiUtils](23728): AppVersionName: Cannot find the installed destination app.
02-07 10:05:44.865 I/android.hardware.graphics.composer@3.2-service( 1007): Sensor: notify citsensorservice to trigger cwb
02-07 10:05:44.865 I/libsensor-frameBufferManager( 1599): request dump start
02-07 10:05:44.865 D/libcomposer_ext( 1599): ClientImplAidl::getDispDump(), dpy 1, dst (160, 120), dump_point 1, release_fence -1
02-07 10:05:44.865 E/JobScheduler.Background( 1877): Couldn't determine stopped state for unknown package: com.google.android.apps.turbo
02-07 10:05:44.865 E/JobScheduler.Background( 1877): Couldn't determine stopped state for unknown package: com.google.android.apps.turbo
02-07 10:05:44.865 E/JobScheduler.Background( 1877): Couldn't determine stopped state for unknown package: com.google.android.apps.turbo
02-07 10:05:44.866 E/JobScheduler.Background( 1877): Couldn't determine stopped state for unknown package: com.google.android.apps.turbo
02-07 10:05:44.866 E/JobScheduler.Background( 1877): Couldn't determine stopped state for unknown package: com.google.android.apps.turbo
02-07 10:05:44.866 E/JobScheduler.Background( 1877): Couldn't determine stopped state for unknown package: com.google.android.apps.turbo
02-07 10:05:44.866 D/libcomposer_ext( 1007): DeviceImplAidl::syncPerform(14), client_handle: 1
02-07 10:05:44.866 E/JobScheduler.Background( 1877): Couldn't determine stopped state for unknown package: com.google.android.apps.turbo
02-07 10:05:44.866 D/libcomposer_ext( 1007): DeviceImplAidl::DeviceClientContextAidl::ParseGetDispDump()
02-07 10:05:44.866 E/JobScheduler.Background( 1877): Couldn't determine stopped state for unknown package: com.google.android.apps.turbo
02-07 10:05:44.866 D/libcomposer_ext( 1007): DeviceImplAidl::ParseGetDispDump(), dpy 1, dst (160, 120), dump_point 1
02-07 10:05:44.866 D/Aurogon ( 1877):  packageName = com.google.android.gms isAllowWakeUpList 
02-07 10:05:44.866 E/JobScheduler.Background( 1877): Couldn't determine stopped state for unknown package: com.google.android.apps.turbo
02-07 10:05:44.866 I/hwcomposer( 1007): [HWC] getDispDump(), dpy 1, (822,7,982,127), (160, 120), (1, 2), (-1), (-1), (0xb400007540339990)  
02-07 10:05:44.866 E/JobScheduler.Background( 1877): Couldn't determine stopped state for unknown package: com.google.android.apps.turbo
02-07 10:05:44.866 I/hwcomposer( 1007): [DRMDEV] isSupportWbParams(), id_crtc 103, id_connector 34, dump_point 1, src(160, 120), dst(160, 120), config 2  
02-07 10:05:44.866 E/hwcomposer( 1007): [DRMDEV] isSupportWbParams(), disp(1220, 2712)  
02-07 10:05:44.866 I/hwcomposer( 1007): [DISP_DUMP] setDumpBuf(), dpy(0), src(822, 7, 982, 127), dst(160, 120), (1, 2), -1, (-1), (0xb400007540339990)  
02-07 10:05:44.867 I/NetworkScheduler.Stats(23811): (REDACTED) Task %s/%s finished executing. cause:%s result: %s elapsed_millis: %s uptime_millis: %s exec_start_elapsed_seconds: %s
02-07 10:05:44.867 I/hwcomposer( 1007): [HWC] (0)fire a callback of refresh to SF[9]  
02-07 10:05:44.874 D/libcomposer_ext( 1007): DeviceImplAidl::DeviceClientContextAidl::NotifyDispDumpReady()
02-07 10:05:44.874 D/libcomposer_ext( 1599): ClientCallbackAidl::asyncPerform(15)
02-07 10:05:44.874 D/libcomposer_ext( 1599): ClientImplAidl::ParseNotifyDispDumpReady()
02-07 10:05:44.876 D/Aurogon ( 1877):  packageName = com.google.android.gms isAllowWakeUpList 
02-07 10:05:44.886 D/Aurogon ( 1877):  packageName = com.google.android.gms isAllowWakeUpList 
02-07 10:05:44.892 I/NetworkScheduler.Stats(23811): (REDACTED) Task %s/%s started execution. cause:%s exec_start_elapsed_seconds: %s
02-07 10:05:44.895 D/libsensor-parseRGB( 1599): the value of RGB [37.233216 36.847102 35.480600]
02-07 10:05:44.897 I/PlayGamesServices[GamesSyncAdapter](23728): Starting sync for 29665a57
02-07 10:05:44.898 I/libPerfCtl( 1033): xgfGetFPS pid:2674 fps:-1
02-07 10:05:44.898 I/libPerfCtl( 1033): xgfGetFPS pid:16701 fps:-1
02-07 10:05:44.900 I/PlayGamesServices[GamesSyncAdapter](23728): Sync duration for 29665a57: 3
02-07 10:05:44.905 W/PlayGamesServices[DataBroker](23728): No player ID found when refreshing
02-07 10:05:44.905 W/PlayGamesServices[DataBroker](23728): No player ID found when refreshing
02-07 10:05:44.907 W/PlayGamesServices[DataBroker](23728): No player ID found when refreshing
02-07 10:05:44.907 W/PlayGamesServices[DataBroker](23728): No player ID found when refreshing
02-07 10:05:44.907 W/PlayGamesServices[DataBroker](23728): No player ID found when refreshing
02-07 10:05:44.908 W/PlayGamesServices[DataBroker](23728): No player ID found when refreshing
02-07 10:05:44.908 W/PlayGamesServices[DataBroker](23728): No player ID found when refreshing
02-07 10:05:44.908 W/PlayGamesServices[DataBroker](23728): No player ID found when refreshing
02-07 10:05:44.910 W/PlayGamesServices[UiUtils](23728): AppVersion: Cannot find the installed destination app.
02-07 10:05:44.910 W/PlayGamesServices[UiUtils](23728): AppVersionName: Cannot find the installed destination app.
02-07 10:05:44.911 D/Aurogon ( 1877):  packageName = com.google.android.gms isAllowWakeUpList 
02-07 10:05:44.913 I/NetworkScheduler.Stats(23811): (REDACTED) Task %s/%s finished executing. cause:%s result: %s elapsed_millis: %s uptime_millis: %s exec_start_elapsed_seconds: %s
02-07 10:05:44.918 D/Aurogon ( 1877):  packageName = com.google.android.gms isAllowWakeUpList 
02-07 10:05:44.951 I/hwcomposer( 1007): [HWC] (0)fire a callback of refresh to SF[4]  
02-07 10:05:44.973 I/libsensor-displayalgo( 1599): the value of channelCali C:431.724973,R:255.440415,G:158.001853,B:59.821066,scales C:1.034756,R:1.004506,G:1.043348,B:0.975870
02-07 10:05:44.973 D/libsensor-displayalgo( 1599): brightness:317.000000,flat_mode:0.000000,R1:2857.901230,G1:2793.105457,B1:2570.278057,R2:2874.273354,G2:2809.079990,B2:2584.991476,R3:2408.096147,G3:2353.497518,B3:2166.537595,R4:3084.605104,G4:3014.686512,B4:2773.964220,EVENT C:345.000000,R:169.000000,G:150.000000,B:60.000000, lux: 0.000000
02-07 10:05:44.979 I/SmartPower: com.google.android.permissioncontroller/10262(14280)( 1877): background->idle(11006ms) R(service end com.google.android.permissioncontroller/com.android.permissioncontroller.permission.service.PermissionControllerServiceImpl) adj=905.
02-07 10:05:45.028 D/ArtChoreographerMonitor( 2674): invoke error.
02-07 10:05:45.072 D/WifiHAL ( 2379): WifiRequest::create vendor command to iface 37, vendor_id=0x1a11, subcmd=0x1200, res=0
02-07 10:05:45.090 I/WifiHAL ( 2379): LLS RSP: data=0xb4000070fcbd3030, len=4316
02-07 10:05:45.090 I/WifiHAL ( 2379): LLS check_data_sanity: 1801: current_radio_stat->num_channels=21
02-07 10:05:45.090 I/WifiHAL ( 2379): LLS check_data_sanity: 1801: current_radio_stat->num_channels=0
02-07 10:05:45.090 I/WifiHAL ( 2379): LLS check_data_sanity: confirmed_size=4316, len=4316
02-07 10:05:45.105 I/AmlMiuiThirdPartScorer( 1877): same score, no send
02-07 10:05:45.108 I/SmartPower: com.google.android.apps.messaging/10168(13173)( 1877): background->idle(3002ms) R(content provider start ContentProviderRecord{9334f7f u0 com.google.android.apps.messaging/.shared.datamodel.provider.sharedstorage.SharedStorageProvider}) adj=200.
02-07 10:05:45.115 I/android.hardware.graphics.composer@3.2-service( 1007): Sensor: notify citsensorservice to trigger cwb
02-07 10:05:45.116 I/libsensor-frameBufferManager( 1599): request dump start
02-07 10:05:45.116 D/libcomposer_ext( 1599): ClientImplAidl::getDispDump(), dpy 1, dst (160, 120), dump_point 1, release_fence -1
02-07 10:05:45.118 D/libcomposer_ext( 1007): DeviceImplAidl::syncPerform(14), client_handle: 1
02-07 10:05:45.118 D/libcomposer_ext( 1007): DeviceImplAidl::DeviceClientContextAidl::ParseGetDispDump()
02-07 10:05:45.118 D/libcomposer_ext( 1007): DeviceImplAidl::ParseGetDispDump(), dpy 1, dst (160, 120), dump_point 1
02-07 10:05:45.118 I/hwcomposer( 1007): [HWC] getDispDump(), dpy 1, (822,7,982,127), (160, 120), (1, 2), (-1), (-1), (0xb40000754033c690)  
02-07 10:05:45.118 I/hwcomposer( 1007): [DRMDEV] isSupportWbParams(), id_crtc 103, id_connector 34, dump_point 1, src(160, 120), dst(160, 120), config 2  
02-07 10:05:45.118 E/hwcomposer( 1007): [DRMDEV] isSupportWbParams(), disp(1220, 2712)  
02-07 10:05:45.118 I/hwcomposer( 1007): [DISP_DUMP] setDumpBuf(), dpy(0), src(822, 7, 982, 127), dst(160, 120), (1, 2), -1, (-1), (0xb40000754033c690)  
02-07 10:05:45.118 I/hwcomposer( 1007): [HWC] (0)fire a callback of refresh to SF[9]  
02-07 10:05:45.125 D/libcomposer_ext( 1007): DeviceImplAidl::DeviceClientContextAidl::NotifyDispDumpReady()
02-07 10:05:45.126 I/android.hardware.graphics.composer@3.2-service( 1007): Sensor: notify citsensorservice to trigger cwb
02-07 10:05:45.127 D/libcomposer_ext( 1599): ClientCallbackAidl::asyncPerform(15)
02-07 10:05:45.127 D/libcomposer_ext( 1599): ClientImplAidl::ParseNotifyDispDumpReady()
02-07 10:05:45.128 I/libsensor-frameBufferManager( 1599): request dump start
02-07 10:05:45.128 D/libcomposer_ext( 1599): ClientImplAidl::getDispDump(), dpy 1, dst (160, 120), dump_point 1, release_fence -1
02-07 10:05:45.131 D/libcomposer_ext( 1007): DeviceImplAidl::syncPerform(14), client_handle: 1
02-07 10:05:45.132 D/libcomposer_ext( 1007): DeviceImplAidl::DeviceClientContextAidl::ParseGetDispDump()
02-07 10:05:45.132 D/libcomposer_ext( 1007): DeviceImplAidl::ParseGetDispDump(), dpy 1, dst (160, 120), dump_point 1
