02-07 10:05:45.132 I/hwcomposer( 1007): [HWC] getDispDump(), dpy 1, (822,7,982,127), (160, 120), (1, 2), (-1), (-1), (0xb40000754033aef0)  
02-07 10:05:45.132 I/hwcomposer( 1007): [DRMDEV] isSupportWbParams(), id_crtc 103, id_connector 34, dump_point 1, src(160, 120), dst(160, 120), config 2  
02-07 10:05:45.132 E/hwcomposer( 1007): [DRMDEV] isSupportWbParams(), disp(1220, 2712)  
02-07 10:05:45.132 I/hwcomposer( 1007): [DISP_DUMP] setDumpBuf(), dpy(0), src(822, 7, 982, 127), dst(160, 120), (1, 2), -1, (-1), (0xb40000754033aef0)  
02-07 10:05:45.146 D/libsensor-parseRGB( 1599): the value of RGB [37.232813 36.846549 35.480239]
02-07 10:05:45.167 I/hwcomposer( 1007): [HWC] (0)fire a callback of refresh to SF[4]  
02-07 10:05:45.175 I/libsensor-displayalgo( 1599): the value of channelCali C:431.719808,R:255.439744,G:157.998553,B:59.819815,scales C:1.034756,R:1.004506,G:1.043348,B:0.975870
02-07 10:05:45.175 D/libsensor-displayalgo( 1599): brightness:317.000000,flat_mode:0.000000,R1:2857.833166,G1:2793.013224,B1:2570.220443,R2:2874.297716,G2:2809.064798,B2:2584.961126,R3:2408.172452,G3:2353.369171,B3:2166.436279,R4:3084.602723,G4:3014.684778,B4:2773.966569,EVENT C:344.000000,R:170.000000,G:151.000000,B:60.000000, lux: 0.000000
02-07 10:05:45.184 D/libcomposer_ext( 1007): DeviceImplAidl::DeviceClientContextAidl::NotifyDispDumpReady()
02-07 10:05:45.185 D/libcomposer_ext( 1599): ClientCallbackAidl::asyncPerform(15)
02-07 10:05:45.185 D/libcomposer_ext( 1599): ClientImplAidl::ParseNotifyDispDumpReady()
02-07 10:05:45.205 D/libsensor-parseRGB( 1599): the value of RGB [37.233927 36.846451 35.480537]
02-07 10:05:45.275 I/libsensor-displayalgo( 1599): the value of channelCali C:431.720713,R:255.439862,G:157.999185,B:59.819935,scales C:1.034756,R:1.004506,G:1.043348,B:0.975870
02-07 10:05:45.276 D/libsensor-displayalgo( 1599): brightness:317.000000,flat_mode:0.000000,R1:2858.021252,G1:2792.997000,B1:2570.267983,R2:2874.289657,G2:2809.094462,B2:2584.961628,R3:2407.963130,G3:2353.389632,B3:2166.352694,R4:3084.602790,G4:3014.682451,B4:2773.959845,EVENT C:346.000000,R:169.000000,G:151.000000,B:60.000000, lux: 0.000000
02-07 10:05:45.752 D/ULogGuard( 1490): Monitoring: 17 threads, 0 requests, 0 time-bombs; 2 guards. ResetFlags = 0x7
02-07 10:05:45.871 E/StatLog:(22131): Send events error=java.lang.RuntimeException: VKApiExecutionException{code=-1, extra=Bundle[{}], method=statEvents.addSAKMobile, executeErrors=null, super=com.vk.api.sdk.exceptions.VKApiExecutionException: Loading error. Please check your internet connection and try again.}
02-07 10:05:45.899 I/libPerfCtl( 1033): xgfGetFPS pid:2674 fps:-1
02-07 10:05:45.899 I/libPerfCtl( 1033): xgfGetFPS pid:16701 fps:-1
02-07 10:05:46.275 I/libsensor-displayalgo( 1599): the value of channelCali C:431.720713,R:255.439862,G:157.999185,B:59.819935,scales C:1.034756,R:1.004506,G:1.043348,B:0.975870
02-07 10:05:46.276 D/libsensor-displayalgo( 1599): brightness:317.000000,flat_mode:0.000000,R1:2858.021252,G1:2792.997000,B1:2570.267983,R2:2874.289657,G2:2809.094462,B2:2584.961628,R3:2407.963130,G3:2353.389632,B3:2166.352694,R4:3084.602790,G4:3014.682451,B4:2773.959845,EVENT C:344.000000,R:169.000000,G:150.000000,B:60.000000, lux: 0.000000
02-07 10:05:46.375 I/libsensor-displayalgo( 1599): the value of channelCali C:431.720713,R:255.439862,G:157.999185,B:59.819935,scales C:1.034756,R:1.004506,G:1.043348,B:0.975870
02-07 10:05:46.376 D/libsensor-displayalgo( 1599): brightness:317.000000,flat_mode:0.000000,R1:2858.021252,G1:2792.997000,B1:2570.267983,R2:2874.289657,G2:2809.094462,B2:2584.961628,R3:2407.963130,G3:2353.389632,B3:2166.352694,R4:3084.602790,G4:3014.682451,B4:2773.959845,EVENT C:344.000000,R:169.000000,G:151.000000,B:60.000000, lux: 0.000000
02-07 10:05:46.428 E/SLM-HAL-SladSocketClient( 1045): connect failed:-1, socket:116, error:No such file or directory
02-07 10:05:46.428 I/SLM-HAL ( 1045): setSLAUidList 10359,10213,10300,
02-07 10:05:46.428 I/SLM-HAL-SladSocketClient( 1045): createSocket
02-07 10:05:46.429 I/SLM-HAL-SladSocketClient( 1045): connectServer /dev/socket/slad
02-07 10:05:46.475 I/libsensor-displayalgo( 1599): the value of channelCali C:431.720713,R:255.439862,G:157.999185,B:59.819935,scales C:1.034756,R:1.004506,G:1.043348,B:0.975870
02-07 10:05:46.475 D/libsensor-displayalgo( 1599): brightness:317.000000,flat_mode:0.000000,R1:2858.021252,G1:2792.997000,B1:2570.267983,R2:2874.289657,G2:2809.094462,B2:2584.961628,R3:2407.963130,G3:2353.389632,B3:2166.352694,R4:3084.602790,G4:3014.682451,B4:2773.959845,EVENT C:345.000000,R:169.000000,G:151.000000,B:61.000000, lux: 0.000000
02-07 10:05:46.558 I/AppSearchIcing( 1877): icing-search-engine.cc:2327: Persisting data to disk with mode 3
02-07 10:05:46.570 I/AppSearchIcing( 1877): icing-search-engine.cc:2340: PersistToDisk completed.
02-07 10:05:46.575 I/libsensor-displayalgo( 1599): the value of channelCali C:431.720713,R:255.439862,G:157.999185,B:59.819935,scales C:1.034756,R:1.004506,G:1.043348,B:0.975870
02-07 10:05:46.575 D/libsensor-displayalgo( 1599): brightness:317.000000,flat_mode:0.000000,R1:2858.021252,G1:2792.997000,B1:2570.267983,R2:2874.289657,G2:2809.094462,B2:2584.961628,R3:2407.963130,G3:2353.389632,B3:2166.352694,R4:3084.602790,G4:3014.682451,B4:2773.959845,EVENT C:344.000000,R:170.000000,G:151.000000,B:61.000000, lux: 0.000000
02-07 10:05:46.608 I/NetworkAccelerateSwitchService( 1877): EVENT_RSSI_POLL. mRssiPoll=true
02-07 10:05:46.609 I/NetworkAccelerateSwitchService( 1877): getAverageWifiRssi:54
02-07 10:05:46.609 D/NetworkAccelerateSwitchService( 1877): checkIntervalModeChange mMovementState:0 mIntervalMode:0 mIsBadLinkLayerQoE:false mBadLinkLayerQoETimes = 0
02-07 10:05:46.652 D/UidObserver( 7095): onUidIdle uid=10059 uidstate=100
02-07 10:05:46.675 I/libsensor-displayalgo( 1599): the value of channelCali C:431.720713,R:255.439862,G:157.999185,B:59.819935,scales C:1.034756,R:1.004506,G:1.043348,B:0.975870
02-07 10:05:46.676 D/libsensor-displayalgo( 1599): brightness:317.000000,flat_mode:0.000000,R1:2858.021252,G1:2792.997000,B1:2570.267983,R2:2874.289657,G2:2809.094462,B2:2584.961628,R3:2407.963130,G3:2353.389632,B3:2166.352694,R4:3084.602790,G4:3014.682451,B4:2773.959845,EVENT C:343.000000,R:169.000000,G:151.000000,B:61.000000, lux: 0.000000
02-07 10:05:46.774 I/libsensor-displayalgo( 1599): the value of channelCali C:431.720713,R:255.439862,G:157.999185,B:59.819935,scales C:1.034756,R:1.004506,G:1.043348,B:0.975870
02-07 10:05:46.775 D/libsensor-displayalgo( 1599): brightness:317.000000,flat_mode:0.000000,R1:2858.021252,G1:2792.997000,B1:2570.267983,R2:2874.289657,G2:2809.094462,B2:2584.961628,R3:2407.963130,G3:2353.389632,B3:2166.352694,R4:3084.602790,G4:3014.682451,B4:2773.959845,EVENT C:344.000000,R:169.000000,G:151.000000,B:60.000000, lux: 0.000000
02-07 10:05:46.875 I/libsensor-displayalgo( 1599): the value of channelCali C:431.720713,R:255.439862,G:157.999185,B:59.819935,scales C:1.034756,R:1.004506,G:1.043348,B:0.975870
02-07 10:05:46.876 D/libsensor-displayalgo( 1599): brightness:317.000000,flat_mode:0.000000,R1:2858.021252,G1:2792.997000,B1:2570.267983,R2:2874.289657,G2:2809.094462,B2:2584.961628,R3:2407.963130,G3:2353.389632,B3:2166.352694,R4:3084.602790,G4:3014.682451,B4:2773.959845,EVENT C:343.000000,R:169.000000,G:151.000000,B:60.000000, lux: 0.000000
02-07 10:05:46.899 I/libPerfCtl( 1033): xgfGetFPS pid:2674 fps:-1
02-07 10:05:46.900 I/libPerfCtl( 1033): xgfGetFPS pid:16701 fps:-1
02-07 10:05:46.975 I/libsensor-displayalgo( 1599): the value of channelCali C:431.720713,R:255.439862,G:157.999185,B:59.819935,scales C:1.034756,R:1.004506,G:1.043348,B:0.975870
02-07 10:05:46.976 D/libsensor-displayalgo( 1599): brightness:317.000000,flat_mode:0.000000,R1:2858.021252,G1:2792.997000,B1:2570.267983,R2:2874.289657,G2:2809.094462,B2:2584.961628,R3:2407.963130,G3:2353.389632,B3:2166.352694,R4:3084.602790,G4:3014.682451,B4:2773.959845,EVENT C:345.000000,R:168.000000,G:152.000000,B:61.000000, lux: 0.000000
02-07 10:05:47.075 I/libsensor-displayalgo( 1599): the value of channelCali C:431.720713,R:255.439862,G:157.999185,B:59.819935,scales C:1.034756,R:1.004506,G:1.043348,B:0.975870
02-07 10:05:47.075 D/libsensor-displayalgo( 1599): brightness:317.000000,flat_mode:0.000000,R1:2858.021252,G1:2792.997000,B1:2570.267983,R2:2874.289657,G2:2809.094462,B2:2584.961628,R3:2407.963130,G3:2353.389632,B3:2166.352694,R4:3084.602790,G4:3014.682451,B4:2773.959845,EVENT C:345.000000,R:169.000000,G:152.000000,B:61.000000, lux: 0.000000
02-07 10:05:47.175 I/libsensor-displayalgo( 1599): the value of channelCali C:431.720713,R:255.439862,G:157.999185,B:59.819935,scales C:1.034756,R:1.004506,G:1.043348,B:0.975870
02-07 10:05:47.176 D/libsensor-displayalgo( 1599): brightness:317.000000,flat_mode:0.000000,R1:2858.021252,G1:2792.997000,B1:2570.267983,R2:2874.289657,G2:2809.094462,B2:2584.961628,R3:2407.963130,G3:2353.389632,B3:2166.352694,R4:3084.602790,G4:3014.682451,B4:2773.959845,EVENT C:344.000000,R:169.000000,G:151.000000,B:61.000000, lux: 0.000000
02-07 10:05:47.255 D/ccci_mdinit( 1125): (1):monitor_time_update_thread round:2449 ########
02-07 10:05:47.275 I/libsensor-displayalgo( 1599): the value of channelCali C:431.720713,R:255.439862,G:157.999185,B:59.819935,scales C:1.034756,R:1.004506,G:1.043348,B:0.975870
02-07 10:05:47.276 D/libsensor-displayalgo( 1599): brightness:317.000000,flat_mode:0.000000,R1:2858.021252,G1:2792.997000,B1:2570.267983,R2:2874.289657,G2:2809.094462,B2:2584.961628,R3:2407.963130,G3:2353.389632,B3:2166.352694,R4:3084.602790,G4:3014.682451,B4:2773.959845,EVENT C:344.000000,R:168.000000,G:151.000000,B:60.000000, lux: 0.000000
02-07 10:05:47.375 I/libsensor-displayalgo( 1599): the value of channelCali C:431.720713,R:255.439862,G:157.999185,B:59.819935,scales C:1.034756,R:1.004506,G:1.043348,B:0.975870
02-07 10:05:47.375 D/libsensor-displayalgo( 1599): brightness:317.000000,flat_mode:0.000000,R1:2858.021252,G1:2792.997000,B1:2570.267983,R2:2874.289657,G2:2809.094462,B2:2584.961628,R3:2407.963130,G3:2353.389632,B3:2166.352694,R4:3084.602790,G4:3014.682451,B4:2773.959845,EVENT C:346.000000,R:169.000000,G:153.000000,B:61.000000, lux: 0.000000
02-07 10:05:47.476 I/libsensor-displayalgo( 1599): the value of channelCali C:431.720713,R:255.439862,G:157.999185,B:59.819935,scales C:1.034756,R:1.004506,G:1.043348,B:0.975870
02-07 10:05:47.476 D/libsensor-displayalgo( 1599): brightness:317.000000,flat_mode:0.000000,R1:2858.021252,G1:2792.997000,B1:2570.267983,R2:2874.289657,G2:2809.094462,B2:2584.961628,R3:2407.963130,G3:2353.389632,B3:2166.352694,R4:3084.602790,G4:3014.682451,B4:2773.959845,EVENT C:345.000000,R:169.000000,G:151.000000,B:60.000000, lux: 0.000000
02-07 10:05:47.487 D/HeapUsage Monitor( 1877): HeapAllocSize : 128MB; monitorSize : 500MB
02-07 10:05:47.488 D/AES     ( 1877): AEEIOCTL_GET/SET_SF_STATE IOCTL,cmd= 1074294797, lParam=0. 
02-07 10:05:47.488 D/AES     ( 1877): AEEIOCTL_RT_MON_Kick IOCTL,cmd= 2147774474, lParam=300. 
02-07 10:05:47.575 I/libsensor-displayalgo( 1599): the value of channelCali C:431.720713,R:255.439862,G:157.999185,B:59.819935,scales C:1.034756,R:1.004506,G:1.043348,B:0.975870
02-07 10:05:47.576 D/libsensor-displayalgo( 1599): brightness:317.000000,flat_mode:0.000000,R1:2858.021252,G1:2792.997000,B1:2570.267983,R2:2874.289657,G2:2809.094462,B2:2584.961628,R3:2407.963130,G3:2353.389632,B3:2166.352694,R4:3084.602790,G4:3014.682451,B4:2773.959845,EVENT C:344.000000,R:169.000000,G:151.000000,B:60.000000, lux: 0.000000
02-07 10:05:47.675 I/libsensor-displayalgo( 1599): the value of channelCali C:431.720713,R:255.439862,G:157.999185,B:59.819935,scales C:1.034756,R:1.004506,G:1.043348,B:0.975870
02-07 10:05:47.676 D/libsensor-displayalgo( 1599): brightness:317.000000,flat_mode:0.000000,R1:2858.021252,G1:2792.997000,B1:2570.267983,R2:2874.289657,G2:2809.094462,B2:2584.961628,R3:2407.963130,G3:2353.389632,B3:2166.352694,R4:3084.602790,G4:3014.682451,B4:2773.959845,EVENT C:344.000000,R:170.000000,G:151.000000,B:60.000000, lux: 0.000000
02-07 10:05:47.774 I/libsensor-displayalgo( 1599): the value of channelCali C:431.720713,R:255.439862,G:157.999185,B:59.819935,scales C:1.034756,R:1.004506,G:1.043348,B:0.975870
02-07 10:05:47.775 D/libsensor-displayalgo( 1599): brightness:317.000000,flat_mode:0.000000,R1:2858.021252,G1:2792.997000,B1:2570.267983,R2:2874.289657,G2:2809.094462,B2:2584.961628,R3:2407.963130,G3:2353.389632,B3:2166.352694,R4:3084.602790,G4:3014.682451,B4:2773.959845,EVENT C:344.000000,R:168.000000,G:151.000000,B:60.000000, lux: 0.000000
02-07 10:05:47.796 D/[BT]    (  997): mtk_bt_op: BT_VND_OP_LPM_WAKE_SET_STATE
02-07 10:05:47.875 I/libsensor-displayalgo( 1599): the value of channelCali C:431.720713,R:255.439862,G:157.999185,B:59.819935,scales C:1.034756,R:1.004506,G:1.043348,B:0.975870
02-07 10:05:47.876 D/libsensor-displayalgo( 1599): brightness:317.000000,flat_mode:0.000000,R1:2858.021252,G1:2792.997000,B1:2570.267983,R2:2874.289657,G2:2809.094462,B2:2584.961628,R3:2407.963130,G3:2353.389632,B3:2166.352694,R4:3084.602790,G4:3014.682451,B4:2773.959845,EVENT C:345.000000,R:170.000000,G:151.000000,B:61.000000, lux: 0.000000
02-07 10:05:47.975 I/libsensor-displayalgo( 1599): the value of channelCali C:431.720713,R:255.439862,G:157.999185,B:59.819935,scales C:1.034756,R:1.004506,G:1.043348,B:0.975870
02-07 10:05:47.976 D/libsensor-displayalgo( 1599): brightness:317.000000,flat_mode:0.000000,R1:2858.021252,G1:2792.997000,B1:2570.267983,R2:2874.289657,G2:2809.094462,B2:2584.961628,R3:2407.963130,G3:2353.389632,B3:2166.352694,R4:3084.602790,G4:3014.682451,B4:2773.959845,EVENT C:345.000000,R:170.000000,G:152.000000,B:60.000000, lux: 0.000000
02-07 10:05:48.075 I/libsensor-displayalgo( 1599): the value of channelCali C:431.720713,R:255.439862,G:157.999185,B:59.819935,scales C:1.034756,R:1.004506,G:1.043348,B:0.975870
02-07 10:05:48.076 D/libsensor-displayalgo( 1599): brightness:317.000000,flat_mode:0.000000,R1:2858.021252,G1:2792.997000,B1:2570.267983,R2:2874.289657,G2:2809.094462,B2:2584.961628,R3:2407.963130,G3:2353.389632,B3:2166.352694,R4:3084.602790,G4:3014.682451,B4:2773.959845,EVENT C:344.000000,R:169.000000,G:151.000000,B:60.000000, lux: 0.000000
02-07 10:05:48.108 D/WifiHAL ( 2379): WifiRequest::create vendor command to iface 37, vendor_id=0x1a11, subcmd=0x1200, res=0
02-07 10:05:48.121 I/WifiHAL ( 2379): LLS RSP: data=0xb4000070fcbd3030, len=4316
02-07 10:05:48.121 I/WifiHAL ( 2379): LLS check_data_sanity: 1801: current_radio_stat->num_channels=21
02-07 10:05:48.121 I/WifiHAL ( 2379): LLS check_data_sanity: 1801: current_radio_stat->num_channels=0
02-07 10:05:48.121 I/WifiHAL ( 2379): LLS check_data_sanity: confirmed_size=4316, len=4316
02-07 10:05:48.137 I/AmlMiuiThirdPartScorer( 1877): same score, no send
02-07 10:05:48.175 I/libsensor-displayalgo( 1599): the value of channelCali C:431.720713,R:255.439862,G:157.999185,B:59.819935,scales C:1.034756,R:1.004506,G:1.043348,B:0.975870
02-07 10:05:48.175 D/libsensor-displayalgo( 1599): brightness:317.000000,flat_mode:0.000000,R1:2858.021252,G1:2792.997000,B1:2570.267983,R2:2874.289657,G2:2809.094462,B2:2584.961628,R3:2407.963130,G3:2353.389632,B3:2166.352694,R4:3084.602790,G4:3014.682451,B4:2773.959845,EVENT C:344.000000,R:169.000000,G:151.000000,B:61.000000, lux: 0.000000
02-07 10:05:48.275 I/libsensor-displayalgo( 1599): the value of channelCali C:431.720713,R:255.439862,G:157.999185,B:59.819935,scales C:1.034756,R:1.004506,G:1.043348,B:0.975870
02-07 10:05:48.276 D/libsensor-displayalgo( 1599): brightness:317.000000,flat_mode:0.000000,R1:2858.021252,G1:2792.997000,B1:2570.267983,R2:2874.289657,G2:2809.094462,B2:2584.961628,R3:2407.963130,G3:2353.389632,B3:2166.352694,R4:3084.602790,G4:3014.682451,B4:2773.959845,EVENT C:345.000000,R:170.000000,G:151.000000,B:61.000000, lux: 0.000000
02-07 10:05:48.374 I/libsensor-displayalgo( 1599): the value of channelCali C:431.720713,R:255.439862,G:157.999185,B:59.819935,scales C:1.034756,R:1.004506,G:1.043348,B:0.975870
02-07 10:05:48.375 D/libsensor-displayalgo( 1599): brightness:317.000000,flat_mode:0.000000,R1:2858.021252,G1:2792.997000,B1:2570.267983,R2:2874.289657,G2:2809.094462,B2:2584.961628,R3:2407.963130,G3:2353.389632,B3:2166.352694,R4:3084.602790,G4:3014.682451,B4:2773.959845,EVENT C:345.000000,R:169.000000,G:152.000000,B:61.000000, lux: 0.000000
02-07 10:05:48.475 I/libsensor-displayalgo( 1599): the value of channelCali C:431.720713,R:255.439862,G:157.999185,B:59.819935,scales C:1.034756,R:1.004506,G:1.043348,B:0.975870
02-07 10:05:48.476 D/libsensor-displayalgo( 1599): brightness:317.000000,flat_mode:0.000000,R1:2858.021252,G1:2792.997000,B1:2570.267983,R2:2874.289657,G2:2809.094462,B2:2584.961628,R3:2407.963130,G3:2353.389632,B3:2166.352694,R4:3084.602790,G4:3014.682451,B4:2773.959845,EVENT C:342.000000,R:168.000000,G:151.000000,B:60.000000, lux: 0.000000
02-07 10:05:48.575 I/libsensor-displayalgo( 1599): the value of channelCali C:431.720713,R:255.439862,G:157.999185,B:59.819935,scales C:1.034756,R:1.004506,G:1.043348,B:0.975870
--
02-07 10:06:23.684 D/OzonJobAccessibility( 6934): Search Field not found. Dumping hierarchy (State: FIND_SEARCH_FIELD):
02-07 10:06:23.685 D/OzonJobAccessibility( 6934):  Class: android.widget.FrameLayout, Text: 'null', Desc: 'null', ID: null, Clickable: false
02-07 10:06:23.685 D/OzonJobAccessibility( 6934):    Class: android.widget.LinearLayout, Text: 'null', Desc: 'null', ID: null, Clickable: false
02-07 10:06:23.685 D/OzonJobAccessibility( 6934):      Class: android.widget.FrameLayout, Text: 'null', Desc: 'null', ID: null, Clickable: false
02-07 10:06:23.686 D/OzonJobAccessibility( 6934):        Class: android.widget.LinearLayout, Text: 'null', Desc: 'null', ID: ru.ozon.hire:id/action_bar_root, Clickable: false
02-07 10:06:23.686 D/OzonJobAccessibility( 6934):          Class: android.widget.FrameLayout, Text: 'null', Desc: 'null', ID: android:id/content, Clickable: false
02-07 10:06:23.687 D/OzonJobAccessibility( 6934):            Class: androidx.compose.ui.platform.ComposeView, Text: 'null', Desc: 'null', ID: null, Clickable: false
02-07 10:06:23.687 D/OzonJobAccessibility( 6934):              Class: android.view.View, Text: 'null', Desc: 'null', ID: null, Clickable: false
02-07 10:06:23.688 D/OzonJobAccessibility( 6934):                Class: android.view.View, Text: 'null', Desc: 'null', ID: null, Clickable: false
02-07 10:06:23.688 D/OzonJobAccessibility( 6934):                  Class: android.view.View, Text: 'null', Desc: 'null', ID: null, Clickable: false
02-07 10:06:23.688 D/OzonJobAccessibility( 6934):                    Class: android.view.View, Text: 'null', Desc: 'null', ID: null, Clickable: false
02-07 10:06:23.689 D/OzonJobAccessibility( 6934):                    Class: android.widget.HorizontalScrollView, Text: 'null', Desc: 'null', ID: null, Clickable: false
02-07 10:06:23.689 D/OzonJobAccessibility( 6934):                      Class: android.view.View, Text: 'null', Desc: 'null', ID: null, Clickable: true
02-07 10:06:23.690 D/OzonJobAccessibility( 6934):                        Class: android.widget.TextView, Text: 'Есть автобусы', Desc: 'null', ID: null, Clickable: false
02-07 10:06:23.690 D/OzonJobAccessibility( 6934):                      Class: android.widget.TextView, Text: 'Тариф +50%', Desc: 'null', ID: null, Clickable: false
02-07 10:06:23.690 D/OzonJobAccessibility( 6934):                    Class: android.widget.TextView, Text: 'Жуковский', Desc: 'null', ID: HireText.Text, Clickable: false
02-07 10:06:23.691 D/OzonJobAccessibility( 6934):                    Class: android.widget.TextView, Text: '≈16 230 ₽ / 12 ч', Desc: 'null', ID: HireText.Text, Clickable: false
02-07 10:06:23.691 D/OzonJobAccessibility( 6934):                    Class: android.widget.TextView, Text: '≈1 352 ₽ / 1 ч', Desc: 'null', ID: HireText.Text, Clickable: false
02-07 10:06:23.691 D/OzonJobAccessibility( 6934):                    Class: android.widget.TextView, Text: 'КРУПНЫЙ СКЛАД', Desc: 'null', ID: null, Clickable: false
02-07 10:06:23.692 D/OzonJobAccessibility( 6934):                    Class: android.widget.TextView, Text: '4,1', Desc: 'null', ID: null, Clickable: false
02-07 10:06:23.692 D/OzonJobAccessibility( 6934):                    Class: android.widget.TextView, Text: '140182 Россия, Московская обл., г.о. Жуковский, г.Жуковский, р-н Замоскворечье, д.457, стр.5', Desc: 'null', ID: null, Clickable: false
02-07 10:06:23.692 D/OzonJobAccessibility( 6934):                    Class: android.view.View, Text: 'null', Desc: 'null', ID: null, Clickable: true
02-07 10:06:23.692 D/OzonJobAccessibility( 6934):                      Class: android.widget.TextView, Text: 'Построить маршрут до склада', Desc: 'null', ID: null, Clickable: false
02-07 10:06:23.693 D/OzonJobAccessibility( 6934):                      Class: android.widget.Button, Text: 'null', Desc: 'null', ID: null, Clickable: false
02-07 10:06:23.693 D/OzonJobAccessibility( 6934):                    Class: android.widget.TextView, Text: 'Даты:', Desc: 'null', ID: HireText.Text, Clickable: false
02-07 10:06:23.693 D/OzonJobAccessibility( 6934):                    Class: android.widget.TextView, Text: 'Сегодня', Desc: 'null', ID: null, Clickable: false
02-07 10:06:23.693 D/OzonJobAccessibility( 6934):                    Class: android.widget.TextView, Text: 'Завтра', Desc: 'null', ID: null, Clickable: false
02-07 10:06:23.694 D/OzonJobAccessibility( 6934):                    Class: android.widget.TextView, Text: '+6 дней', Desc: 'null', ID: null, Clickable: false
02-07 10:06:23.694 D/OzonJobAccessibility( 6934):                    Class: android.view.View, Text: 'null', Desc: 'null', ID: null, Clickable: true
02-07 10:06:23.694 D/OzonJobAccessibility( 6934):                      Class: android.widget.TextView, Text: 'Записаться', Desc: 'null', ID: null, Clickable: false
02-07 10:06:23.694 D/OzonJobAccessibility( 6934):                      Class: android.widget.Button, Text: 'null', Desc: 'null', ID: null, Clickable: false
02-07 10:06:23.695 D/OzonJobAccessibility( 6934):                    Class: android.view.View, Text: 'null', Desc: 'null', ID: null, Clickable: true
02-07 10:06:23.695 D/OzonJobAccessibility( 6934):                      Class: android.widget.TextView, Text: 'О складе', Desc: 'null', ID: null, Clickable: false
02-07 10:06:23.695 D/OzonJobAccessibility( 6934):                      Class: android.widget.Button, Text: 'null', Desc: 'null', ID: null, Clickable: false
02-07 10:06:23.696 D/OzonJobAccessibility( 6934):                    Class: android.widget.Button, Text: 'null', Desc: 'null', ID: WarehouseFavoriteSelectedButton, Clickable: true
02-07 10:06:23.696 D/OzonJobAccessibility( 6934):                    Class: android.view.View, Text: 'null', Desc: 'null', ID: null, Clickable: false
02-07 10:06:23.696 D/OzonJobAccessibility( 6934):                    Class: android.widget.HorizontalScrollView, Text: 'null', Desc: 'null', ID: null, Clickable: false
02-07 10:06:23.696 D/OzonJobAccessibility( 6934):                      Class: android.view.View, Text: 'null', Desc: 'null', ID: null, Clickable: true
02-07 10:06:23.696 D/OzonJobAccessibility( 6934):                        Class: android.widget.TextView, Text: 'Есть автобусы', Desc: 'null', ID: null, Clickable: false
02-07 10:06:23.696 D/OzonJobAccessibility( 6934):                    Class: android.widget.TextView, Text: 'Казань', Desc: 'null', ID: HireText.Text, Clickable: false
02-07 10:06:23.696 D/OzonJobAccessibility( 6934):                    Class: android.widget.TextView, Text: '≈14 121 ₽ / 12 ч', Desc: 'null', ID: HireText.Text, Clickable: false
02-07 10:06:23.696 D/OzonJobAccessibility( 6934):                    Class: android.widget.TextView, Text: '≈1 176 ₽ / 1 ч', Desc: 'null', ID: HireText.Text, Clickable: false
02-07 10:06:23.696 D/OzonJobAccessibility( 6934):                    Class: android.widget.TextView, Text: 'КРУПНЫЙ СКЛАД', Desc: 'null', ID: null, Clickable: false
02-07 10:06:23.696 D/OzonJobAccessibility( 6934):                    Class: android.widget.TextView, Text: '4,1', Desc: 'null', ID: null, Clickable: false
02-07 10:06:23.697 D/OzonJobAccessibility( 6934):                    Class: android.widget.TextView, Text: '422527, Республика Татарстан, Зеленодольский район, г. Зеленодольск, 19', Desc: 'null', ID: null, Clickable: false
02-07 10:06:23.697 D/OzonJobAccessibility( 6934):                    Class: android.view.View, Text: 'null', Desc: 'null', ID: null, Clickable: true
02-07 10:06:23.697 D/OzonJobAccessibility( 6934):                      Class: android.widget.TextView, Text: 'Построить маршрут до склада', Desc: 'null', ID: null, Clickable: false
02-07 10:06:23.697 D/OzonJobAccessibility( 6934):                      Class: android.widget.Button, Text: 'null', Desc: 'null', ID: null, Clickable: false
02-07 10:06:23.697 D/OzonJobAccessibility( 6934):                    Class: android.widget.TextView, Text: 'Даты:', Desc: 'null', ID: HireText.Text, Clickable: false
02-07 10:06:23.697 D/OzonJobAccessibility( 6934):                    Class: android.widget.TextView, Text: 'Сегодня', Desc: 'null', ID: null, Clickable: false
02-07 10:06:23.697 D/OzonJobAccessibility( 6934):                    Class: android.widget.TextView, Text: 'Завтра', Desc: 'null', ID: null, Clickable: false
02-07 10:06:23.697 D/OzonJobAccessibility( 6934):                    Class: android.view.View, Text: 'null', Desc: 'null', ID: null, Clickable: true
02-07 10:06:23.697 D/OzonJobAccessibility( 6934):                      Class: android.widget.Button, Text: 'null', Desc: 'null', ID: null, Clickable: false
02-07 10:06:23.697 D/OzonJobAccessibility( 6934):                    Class: android.view.View, Text: 'null', Desc: 'null', ID: null, Clickable: true
02-07 10:06:23.697 D/OzonJobAccessibility( 6934):                      Class: android.widget.Button, Text: 'null', Desc: 'null', ID: null, Clickable: false
02-07 10:06:23.697 D/OzonJobAccessibility( 6934):                    Class: android.widget.Button, Text: 'null', Desc: 'null', ID: WarehouseFavoriteSelectedButton, Clickable: true
02-07 10:06:23.697 D/OzonJobAccessibility( 6934):                  Class: android.widget.Button, Text: 'null', Desc: 'null', ID: null, Clickable: true
02-07 10:06:23.698 D/OzonJobAccessibility( 6934):                  Class: android.view.View, Text: 'null', Desc: 'null', ID: null, Clickable: true
02-07 10:06:23.698 D/OzonJobAccessibility( 6934):                    Class: android.widget.TextView, Text: 'Карта', Desc: 'null', ID: null, Clickable: false
02-07 10:06:23.698 D/OzonJobAccessibility( 6934):                    Class: android.widget.Button, Text: 'null', Desc: 'null', ID: null, Clickable: false
02-07 10:06:23.698 D/OzonJobAccessibility( 6934):                  Class: android.widget.Button, Text: 'null', Desc: 'null', ID: null, Clickable: true
02-07 10:06:23.698 D/OzonJobAccessibility( 6934):                  Class: android.view.View, Text: 'null', Desc: 'null', ID: null, Clickable: false
02-07 10:06:23.698 D/OzonJobAccessibility( 6934):                    Class: android.widget.TextView, Text: 'Выберите склад', Desc: 'null', ID: null, Clickable: false
02-07 10:06:23.698 D/OzonJobAccessibility( 6934):                    Class: android.widget.TextView, Text: '860 объектов', Desc: 'null', ID: null, Clickable: false
02-07 10:06:23.698 D/OzonJobAccessibility( 6934):                    Class: android.widget.Button, Text: 'null', Desc: 'null', ID: null, Clickable: true
02-07 10:06:23.698 D/OzonJobAccessibility( 6934):                    Class: android.widget.TextView, Text: '4', Desc: 'null', ID: null, Clickable: false
02-07 10:06:23.698 D/OzonJobAccessibility( 6934):                  Class: android.widget.HorizontalScrollView, Text: 'null', Desc: 'null', ID: null, Clickable: false
02-07 10:06:23.698 D/OzonJobAccessibility( 6934):                    Class: android.view.View, Text: 'null', Desc: 'null', ID: null, Clickable: true
02-07 10:06:23.698 D/OzonJobAccessibility( 6934):                      Class: android.widget.TextView, Text: 'Вид услуг', Desc: 'null', ID: null, Clickable: false
02-07 10:06:23.699 D/OzonJobAccessibility( 6934):                      Class: android.view.View, Text: 'null', Desc: 'null', ID: null, Clickable: false
02-07 10:06:23.699 D/OzonJobAccessibility( 6934):                    Class: android.view.View, Text: 'null', Desc: 'null', ID: null, Clickable: true
02-07 10:06:23.699 D/OzonJobAccessibility( 6934):                      Class: android.widget.TextView, Text: 'Тип склада', Desc: 'null', ID: null, Clickable: false
02-07 10:06:23.699 D/OzonJobAccessibility( 6934):                      Class: android.view.View, Text: 'null', Desc: 'null', ID: null, Clickable: false
02-07 10:06:23.699 D/OzonJobAccessibility( 6934):                    Class: android.view.View, Text: 'null', Desc: 'null', ID: null, Clickable: true
02-07 10:06:23.699 D/OzonJobAccessibility( 6934):                      Class: android.widget.TextView, Text: 'Есть автобус', Desc: 'null', ID: null, Clickable: false
02-07 10:06:23.699 D/OzonJobAccessibility( 6934):                      Class: android.view.View, Text: 'null', Desc: 'null', ID: null, Clickable: false
02-07 10:06:23.699 D/OzonJobAccessibility( 6934):                    Class: android.view.View, Text: 'null', Desc: 'null', ID: null, Clickable: true
02-07 10:06:23.699 D/OzonJobAccessibility( 6934):                      Class: android.widget.TextView, Text: 'Высокий тариф', Desc: 'null', ID: null, Clickable: false
02-07 10:06:23.699 D/OzonJobAccessibility( 6934):                      Class: android.view.View, Text: 'null', Desc: 'null', ID: null, Clickable: false
02-07 10:06:23.699 D/OzonJobAccessibility( 6934):                    Class: android.view.View, Text: 'null', Desc: 'null', ID: null, Clickable: true
02-07 10:06:23.700 D/OzonJobAccessibility( 6934):                      Class: android.view.View, Text: 'null', Desc: 'null', ID: null, Clickable: false
02-07 10:06:23.700 D/OzonJobAccessibility( 6934):                  Class: android.view.View, Text: 'null', Desc: 'null', ID: null, Clickable: false
02-07 10:06:23.700 D/OzonJobAccessibility( 6934):                    Class: android.view.View, Text: 'null', Desc: 'null', ID: null, Clickable: false
02-07 10:06:23.700 D/OzonJobAccessibility( 6934):                      Class: android.view.View, Text: 'null', Desc: 'null', ID: ru.ozon.hire:id/calendarTab, Clickable: true
02-07 10:06:23.700 D/OzonJobAccessibility( 6934):                        Class: android.widget.TextView, Text: 'Записи', Desc: 'calendarTab', ID: ru.ozon.hire:id/calendarTabText, Clickable: false
02-07 10:06:23.700 D/OzonJobAccessibility( 6934):                        Class: android.view.View, Text: 'null', Desc: 'null', ID: ru.ozon.hire:id/calendarTabIcon, Clickable: false
02-07 10:06:23.700 D/OzonJobAccessibility( 6934):                        Class: android.view.View, Text: 'null', Desc: 'null', ID: null, Clickable: false
02-07 10:06:23.700 D/OzonJobAccessibility( 6934):                      Class: android.view.View, Text: 'null', Desc: 'null', ID: ru.ozon.hire:id/walletTab, Clickable: true
02-07 10:06:23.700 D/OzonJobAccessibility( 6934):                        Class: android.widget.TextView, Text: 'Выплаты', Desc: 'walletTab', ID: ru.ozon.hire:id/walletTabText, Clickable: false
02-07 10:06:23.700 D/OzonJobAccessibility( 6934):                        Class: android.view.View, Text: 'null', Desc: 'null', ID: ru.ozon.hire:id/walletTabIcon, Clickable: false
02-07 10:06:23.700 D/OzonJobAccessibility( 6934):                        Class: android.view.View, Text: 'null', Desc: 'null', ID: null, Clickable: false
02-07 10:06:23.701 D/OzonJobAccessibility( 6934):                      Class: android.view.View, Text: 'null', Desc: 'null', ID: ru.ozon.hire:id/warehouseTab, Clickable: false
02-07 10:06:23.701 D/OzonJobAccessibility( 6934):                        Class: android.widget.TextView, Text: 'Склады', Desc: 'warehouseTab', ID: ru.ozon.hire:id/warehouseTabText, Clickable: false
02-07 10:06:23.701 D/OzonJobAccessibility( 6934):                        Class: android.view.View, Text: 'null', Desc: 'null', ID: ru.ozon.hire:id/warehouseTabIcon, Clickable: false
02-07 10:06:23.701 D/OzonJobAccessibility( 6934):                        Class: android.view.View, Text: 'null', Desc: 'null', ID: null, Clickable: false
02-07 10:06:23.701 D/OzonJobAccessibility( 6934):                      Class: android.view.View, Text: 'null', Desc: 'null', ID: ru.ozon.hire:id/tripsTab, Clickable: true
02-07 10:06:23.701 D/OzonJobAccessibility( 6934):                        Class: android.widget.TextView, Text: 'Поездки', Desc: 'tripsTab', ID: ru.ozon.hire:id/tripsTabText, Clickable: false
02-07 10:06:23.701 D/OzonJobAccessibility( 6934):                        Class: android.view.View, Text: 'null', Desc: 'null', ID: ru.ozon.hire:id/tripsTabIcon, Clickable: false
02-07 10:06:23.701 D/OzonJobAccessibility( 6934):                        Class: android.view.View, Text: 'null', Desc: 'null', ID: null, Clickable: false
02-07 10:06:23.701 D/OzonJobAccessibility( 6934):                      Class: android.view.View, Text: 'null', Desc: 'null', ID: ru.ozon.hire:id/coursesTab, Clickable: true
02-07 10:06:23.701 D/OzonJobAccessibility( 6934):                        Class: android.widget.TextView, Text: 'Курсы', Desc: 'coursesTab', ID: ru.ozon.hire:id/coursesTabText, Clickable: false
02-07 10:06:23.701 D/OzonJobAccessibility( 6934):                        Class: android.view.View, Text: 'null', Desc: 'null', ID: ru.ozon.hire:id/coursesTabIcon, Clickable: false
02-07 10:06:23.701 D/OzonJobAccessibility( 6934):                        Class: android.view.View, Text: 'null', Desc: 'null', ID: null, Clickable: false
02-07 10:06:23.701 D/OzonJobAccessibility( 6934):    Class: android.view.View, Text: 'null', Desc: 'null', ID: android:id/navigationBarBackground, Clickable: false
02-07 10:06:23.702 E/FileUtils( 6934): err write to mi_exception_log
02-07 10:06:23.702 V/OzonJobAccessibility( 6934): onAccessibilityEvent: type=2048, package=com.android.systemui, isCheckRequested=true
02-07 10:06:23.705 D/OzonJobAccessibility( 6934): Event from: com.android.systemui, Root Pkg: ru.ozon.hire, Class: android.widget.FrameLayout
02-07 10:06:23.726 D/OzonJobAccessibility( 6934): Search Field not found. Dumping hierarchy (State: FIND_SEARCH_FIELD):
02-07 10:06:23.726 D/OzonJobAccessibility( 6934):  Class: android.widget.FrameLayout, Text: 'null', Desc: 'null', ID: null, Clickable: false
02-07 10:06:23.726 D/OzonJobAccessibility( 6934):    Class: android.widget.LinearLayout, Text: 'null', Desc: 'null', ID: null, Clickable: false
02-07 10:06:23.726 D/OzonJobAccessibility( 6934):      Class: android.widget.FrameLayout, Text: 'null', Desc: 'null', ID: null, Clickable: false
02-07 10:06:23.727 D/OzonJobAccessibility( 6934):        Class: android.widget.LinearLayout, Text: 'null', Desc: 'null', ID: ru.ozon.hire:id/action_bar_root, Clickable: false
02-07 10:06:23.727 D/OzonJobAccessibility( 6934):          Class: android.widget.FrameLayout, Text: 'null', Desc: 'null', ID: android:id/content, Clickable: false
02-07 10:06:23.727 D/OzonJobAccessibility( 6934):            Class: androidx.compose.ui.platform.ComposeView, Text: 'null', Desc: 'null', ID: null, Clickable: false
02-07 10:06:23.727 D/OzonJobAccessibility( 6934):              Class: android.view.View, Text: 'null', Desc: 'null', ID: null, Clickable: false
02-07 10:06:23.727 D/OzonJobAccessibility( 6934):                Class: android.view.View, Text: 'null', Desc: 'null', ID: null, Clickable: false
02-07 10:06:23.727 D/OzonJobAccessibility( 6934):                  Class: android.view.View, Text: 'null', Desc: 'null', ID: null, Clickable: false
02-07 10:06:23.727 D/OzonJobAccessibility( 6934):                    Class: android.view.View, Text: 'null', Desc: 'null', ID: null, Clickable: false
02-07 10:06:23.727 D/OzonJobAccessibility( 6934):                    Class: android.widget.HorizontalScrollView, Text: 'null', Desc: 'null', ID: null, Clickable: false
02-07 10:06:23.727 D/OzonJobAccessibility( 6934):                      Class: android.view.View, Text: 'null', Desc: 'null', ID: null, Clickable: true
02-07 10:06:23.727 D/OzonJobAccessibility( 6934):                        Class: android.widget.TextView, Text: 'Есть автобусы', Desc: 'null', ID: null, Clickable: false
02-07 10:06:23.727 D/OzonJobAccessibility( 6934):                      Class: android.widget.TextView, Text: 'Тариф +50%', Desc: 'null', ID: null, Clickable: false
02-07 10:06:23.728 D/OzonJobAccessibility( 6934):                    Class: android.widget.TextView, Text: 'Жуковский', Desc: 'null', ID: HireText.Text, Clickable: false
02-07 10:06:23.728 D/OzonJobAccessibility( 6934):                    Class: android.widget.TextView, Text: '≈16 230 ₽ / 12 ч', Desc: 'null', ID: HireText.Text, Clickable: false
02-07 10:06:23.728 D/OzonJobAccessibility( 6934):                    Class: android.widget.TextView, Text: '≈1 352 ₽ / 1 ч', Desc: 'null', ID: HireText.Text, Clickable: false
02-07 10:06:23.728 D/OzonJobAccessibility( 6934):                    Class: android.widget.TextView, Text: 'КРУПНЫЙ СКЛАД', Desc: 'null', ID: null, Clickable: false
02-07 10:06:23.728 D/OzonJobAccessibility( 6934):                    Class: android.widget.TextView, Text: '4,1', Desc: 'null', ID: null, Clickable: false
02-07 10:06:23.728 D/OzonJobAccessibility( 6934):                    Class: android.widget.TextView, Text: '140182 Россия, Московская обл., г.о. Жуковский, г.Жуковский, р-н Замоскворечье, д.457, стр.5', Desc: 'null', ID: null, Clickable: false
02-07 10:06:23.728 D/OzonJobAccessibility( 6934):                    Class: android.view.View, Text: 'null', Desc: 'null', ID: null, Clickable: true
02-07 10:06:23.729 D/OzonJobAccessibility( 6934):                      Class: android.widget.TextView, Text: 'Построить маршрут до склада', Desc: 'null', ID: null, Clickable: false
02-07 10:06:23.729 D/OzonJobAccessibility( 6934):                      Class: android.widget.Button, Text: 'null', Desc: 'null', ID: null, Clickable: false
02-07 10:06:23.729 D/OzonJobAccessibility( 6934):                    Class: android.widget.TextView, Text: 'Даты:', Desc: 'null', ID: HireText.Text, Clickable: false
02-07 10:06:23.729 D/ArtChoreographerMonitor( 2674): invoke error.
02-07 10:06:23.729 D/OzonJobAccessibility( 6934):                    Class: android.widget.TextView, Text: 'Сегодня', Desc: 'null', ID: null, Clickable: false
02-07 10:06:23.729 D/OzonJobAccessibility( 6934):                    Class: android.widget.TextView, Text: 'Завтра', Desc: 'null', ID: null, Clickable: false
02-07 10:06:23.729 D/OzonJobAccessibility( 6934):                    Class: android.widget.TextView, Text: '+6 дней', Desc: 'null', ID: null, Clickable: false
02-07 10:06:23.729 D/OzonJobAccessibility( 6934):                    Class: android.view.View, Text: 'null', Desc: 'null', ID: null, Clickable: true
02-07 10:06:23.729 D/OzonJobAccessibility( 6934):                      Class: android.widget.TextView, Text: 'Записаться', Desc: 'null', ID: null, Clickable: false
02-07 10:06:23.729 D/OzonJobAccessibility( 6934):                      Class: android.widget.Button, Text: 'null', Desc: 'null', ID: null, Clickable: false
02-07 10:06:23.730 D/OzonJobAccessibility( 6934):                    Class: android.view.View, Text: 'null', Desc: 'null', ID: null, Clickable: true
02-07 10:06:23.730 D/OzonJobAccessibility( 6934):                      Class: android.widget.TextView, Text: 'О складе', Desc: 'null', ID: null, Clickable: false
02-07 10:06:23.730 D/OzonJobAccessibility( 6934):                      Class: android.widget.Button, Text: 'null', Desc: 'null', ID: null, Clickable: false
02-07 10:06:23.730 D/OzonJobAccessibility( 6934):                    Class: android.widget.Button, Text: 'null', Desc: 'null', ID: WarehouseFavoriteSelectedButton, Clickable: true
02-07 10:06:23.730 D/OzonJobAccessibility( 6934):                    Class: android.view.View, Text: 'null', Desc: 'null', ID: null, Clickable: false
02-07 10:06:23.730 D/OzonJobAccessibility( 6934):                    Class: android.widget.HorizontalScrollView, Text: 'null', Desc: 'null', ID: null, Clickable: false
02-07 10:06:23.730 D/OzonJobAccessibility( 6934):                      Class: android.view.View, Text: 'null', Desc: 'null', ID: null, Clickable: true
02-07 10:06:23.730 D/OzonJobAccessibility( 6934):                        Class: android.widget.TextView, Text: 'Есть автобусы', Desc: 'null', ID: null, Clickable: false
02-07 10:06:23.730 D/OzonJobAccessibility( 6934):                    Class: android.widget.TextView, Text: 'Казань', Desc: 'null', ID: HireText.Text, Clickable: false
02-07 10:06:23.730 D/OzonJobAccessibility( 6934):                    Class: android.widget.TextView, Text: '≈14 121 ₽ / 12 ч', Desc: 'null', ID: HireText.Text, Clickable: false
02-07 10:06:23.731 D/OzonJobAccessibility( 6934):                    Class: android.widget.TextView, Text: '≈1 176 ₽ / 1 ч', Desc: 'null', ID: HireText.Text, Clickable: false
02-07 10:06:23.731 D/OzonJobAccessibility( 6934):                    Class: android.widget.TextView, Text: 'КРУПНЫЙ СКЛАД', Desc: 'null', ID: null, Clickable: false
02-07 10:06:23.731 D/OzonJobAccessibility( 6934):                    Class: android.widget.TextView, Text: '4,1', Desc: 'null', ID: null, Clickable: false
02-07 10:06:23.731 D/OzonJobAccessibility( 6934):                    Class: android.widget.TextView, Text: '422527, Республика Татарстан, Зеленодольский район, г. Зеленодольск, 19', Desc: 'null', ID: null, Clickable: false
02-07 10:06:23.731 D/OzonJobAccessibility( 6934):                    Class: android.view.View, Text: 'null', Desc: 'null', ID: null, Clickable: true
02-07 10:06:23.731 D/OzonJobAccessibility( 6934):                      Class: android.widget.TextView, Text: 'Построить маршрут до склада', Desc: 'null', ID: null, Clickable: false
02-07 10:06:23.732 D/OzonJobAccessibility( 6934):                      Class: android.widget.Button, Text: 'null', Desc: 'null', ID: null, Clickable: false
02-07 10:06:23.732 D/OzonJobAccessibility( 6934):                    Class: android.widget.TextView, Text: 'Даты:', Desc: 'null', ID: HireText.Text, Clickable: false
02-07 10:06:23.732 D/OzonJobAccessibility( 6934):                    Class: android.widget.TextView, Text: 'Сегодня', Desc: 'null', ID: null, Clickable: false
02-07 10:06:23.732 D/OzonJobAccessibility( 6934):                    Class: android.widget.TextView, Text: 'Завтра', Desc: 'null', ID: null, Clickable: false
02-07 10:06:23.732 D/OzonJobAccessibility( 6934):                    Class: android.view.View, Text: 'null', Desc: 'null', ID: null, Clickable: true
02-07 10:06:23.732 D/OzonJobAccessibility( 6934):                      Class: android.widget.Button, Text: 'null', Desc: 'null', ID: null, Clickable: false
02-07 10:06:23.732 D/OzonJobAccessibility( 6934):                    Class: android.view.View, Text: 'null', Desc: 'null', ID: null, Clickable: true
02-07 10:06:23.732 D/OzonJobAccessibility( 6934):                      Class: android.widget.Button, Text: 'null', Desc: 'null', ID: null, Clickable: false
02-07 10:06:23.732 D/OzonJobAccessibility( 6934):                    Class: android.widget.Button, Text: 'null', Desc: 'null', ID: WarehouseFavoriteSelectedButton, Clickable: true
02-07 10:06:23.732 D/OzonJobAccessibility( 6934):                  Class: android.widget.Button, Text: 'null', Desc: 'null', ID: null, Clickable: true
02-07 10:06:23.732 D/OzonJobAccessibility( 6934):                  Class: android.view.View, Text: 'null', Desc: 'null', ID: null, Clickable: true
02-07 10:06:23.732 D/OzonJobAccessibility( 6934):                    Class: android.widget.TextView, Text: 'Карта', Desc: 'null', ID: null, Clickable: false
02-07 10:06:23.733 D/OzonJobAccessibility( 6934):                    Class: android.widget.Button, Text: 'null', Desc: 'null', ID: null, Clickable: false
02-07 10:06:23.733 D/OzonJobAccessibility( 6934):                  Class: android.widget.Button, Text: 'null', Desc: 'null', ID: null, Clickable: true
02-07 10:06:23.733 D/OzonJobAccessibility( 6934):                  Class: android.view.View, Text: 'null', Desc: 'null', ID: null, Clickable: false
02-07 10:06:23.733 D/OzonJobAccessibility( 6934):                    Class: android.widget.TextView, Text: 'Выберите склад', Desc: 'null', ID: null, Clickable: false
02-07 10:06:23.733 D/OzonJobAccessibility( 6934):                    Class: android.widget.TextView, Text: '860 объектов', Desc: 'null', ID: null, Clickable: false
02-07 10:06:23.733 D/OzonJobAccessibility( 6934):                    Class: android.widget.Button, Text: 'null', Desc: 'null', ID: null, Clickable: true
02-07 10:06:23.733 D/OzonJobAccessibility( 6934):                    Class: android.widget.TextView, Text: '4', Desc: 'null', ID: null, Clickable: false
02-07 10:06:23.733 D/OzonJobAccessibility( 6934):                  Class: android.widget.HorizontalScrollView, Text: 'null', Desc: 'null', ID: null, Clickable: false
02-07 10:06:23.733 D/OzonJobAccessibility( 6934):                    Class: android.view.View, Text: 'null', Desc: 'null', ID: null, Clickable: true
02-07 10:06:23.733 D/OzonJobAccessibility( 6934):                      Class: android.widget.TextView, Text: 'Вид услуг', Desc: 'null', ID: null, Clickable: false
02-07 10:06:23.733 D/OzonJobAccessibility( 6934):                      Class: android.view.View, Text: 'null', Desc: 'null', ID: null, Clickable: false
02-07 10:06:23.733 D/OzonJobAccessibility( 6934):                    Class: android.view.View, Text: 'null', Desc: 'null', ID: null, Clickable: true
02-07 10:06:23.734 D/OzonJobAccessibility( 6934):                      Class: android.widget.TextView, Text: 'Тип склада', Desc: 'null', ID: null, Clickable: false
02-07 10:06:23.734 D/OzonJobAccessibility( 6934):                      Class: android.view.View, Text: 'null', Desc: 'null', ID: null, Clickable: false
02-07 10:06:23.734 D/OzonJobAccessibility( 6934):                    Class: android.view.View, Text: 'null', Desc: 'null', ID: null, Clickable: true
02-07 10:06:23.734 D/OzonJobAccessibility( 6934):                      Class: android.widget.TextView, Text: 'Есть автобус', Desc: 'null', ID: null, Clickable: false
02-07 10:06:23.734 D/OzonJobAccessibility( 6934):                      Class: android.view.View, Text: 'null', Desc: 'null', ID: null, Clickable: false
02-07 10:06:23.734 D/OzonJobAccessibility( 6934):                    Class: android.view.View, Text: 'null', Desc: 'null', ID: null, Clickable: true
02-07 10:06:23.734 D/OzonJobAccessibility( 6934):                      Class: android.widget.TextView, Text: 'Высокий тариф', Desc: 'null', ID: null, Clickable: false
02-07 10:06:23.734 D/OzonJobAccessibility( 6934):                      Class: android.view.View, Text: 'null', Desc: 'null', ID: null, Clickable: false
02-07 10:06:23.734 D/OzonJobAccessibility( 6934):                    Class: android.view.View, Text: 'null', Desc: 'null', ID: null, Clickable: true
02-07 10:06:23.734 D/OzonJobAccessibility( 6934):                      Class: android.view.View, Text: 'null', Desc: 'null', ID: null, Clickable: false
02-07 10:06:23.734 D/OzonJobAccessibility( 6934):                  Class: android.view.View, Text: 'null', Desc: 'null', ID: null, Clickable: false
02-07 10:06:23.735 D/OzonJobAccessibility( 6934):                    Class: android.view.View, Text: 'null', Desc: 'null', ID: null, Clickable: false
02-07 10:06:23.735 D/OzonJobAccessibility( 6934):                      Class: android.view.View, Text: 'null', Desc: 'null', ID: ru.ozon.hire:id/calendarTab, Clickable: true
02-07 10:06:23.735 D/OzonJobAccessibility( 6934):                        Class: android.widget.TextView, Text: 'Записи', Desc: 'calendarTab', ID: ru.ozon.hire:id/calendarTabText, Clickable: false
02-07 10:06:23.735 D/OzonJobAccessibility( 6934):                        Class: android.view.View, Text: 'null', Desc: 'null', ID: ru.ozon.hire:id/calendarTabIcon, Clickable: false
02-07 10:06:23.735 D/OzonJobAccessibility( 6934):                        Class: android.view.View, Text: 'null', Desc: 'null', ID: null, Clickable: false
02-07 10:06:23.735 D/OzonJobAccessibility( 6934):                      Class: android.view.View, Text: 'null', Desc: 'null', ID: ru.ozon.hire:id/walletTab, Clickable: true
02-07 10:06:23.735 D/OzonJobAccessibility( 6934):                        Class: android.widget.TextView, Text: 'Выплаты', Desc: 'walletTab', ID: ru.ozon.hire:id/walletTabText, Clickable: false
02-07 10:06:23.736 D/OzonJobAccessibility( 6934):                        Class: android.view.View, Text: 'null', Desc: 'null', ID: ru.ozon.hire:id/walletTabIcon, Clickable: false
02-07 10:06:23.736 D/OzonJobAccessibility( 6934):                        Class: android.view.View, Text: 'null', Desc: 'null', ID: null, Clickable: false
02-07 10:06:23.736 D/OzonJobAccessibility( 6934):                      Class: android.view.View, Text: 'null', Desc: 'null', ID: ru.ozon.hire:id/warehouseTab, Clickable: false
02-07 10:06:23.736 D/OzonJobAccessibility( 6934):                        Class: android.widget.TextView, Text: 'Склады', Desc: 'warehouseTab', ID: ru.ozon.hire:id/warehouseTabText, Clickable: false
02-07 10:06:23.736 D/OzonJobAccessibility( 6934):                        Class: android.view.View, Text: 'null', Desc: 'null', ID: ru.ozon.hire:id/warehouseTabIcon, Clickable: false
02-07 10:06:23.736 D/OzonJobAccessibility( 6934):                        Class: android.view.View, Text: 'null', Desc: 'null', ID: null, Clickable: false
02-07 10:06:23.736 D/OzonJobAccessibility( 6934):                      Class: android.view.View, Text: 'null', Desc: 'null', ID: ru.ozon.hire:id/tripsTab, Clickable: true
